[{"is_imperial_unit":false,"best_effort_type_id":6,"best_effort_type":"10 mile","elapsed_time":5164,"activity_id":690214327,"activity_name":"New home - St Bede's - Little Hagley - New home","start_date":"2016-01-04","workout_type_name":"long run","elapsed_time_formatted":"01:26:04","pace_in_seconds":320.9446861404599,"pace":"5:21","pace_unit":"/km","elevation":23,"elevation_unit":"m","cadence":173,"suffer_score":"","gear_name":"ASICS Noosa Tri 10 (Orange)","average_heartrate":151,"average_hr_zone":"1","max_heartrate":158,"max_hr_zone":"2"},{"is_imperial_unit":false,"best_effort_type_id":6,"best_effort_type":"10 mile","elapsed_time":5302,"activity_id":690214045,"activity_name":"A long run to Hagley Park and back","start_date":"2015-12-28","workout_type_name":"long run","elapsed_time_formatted":"01:28:22","pace_in_seconds":329.5214418893723,"pace":"5:30","pace_unit":"/km","elevation":36,"elevation_unit":"m","cadence":173,"suffer_score":"","gear_name":"ASICS GT-2000 3 Lite-Show","average_heartrate":150,"average_hr_zone":"1","max_heartrate":158,"max_hr_zone":"2"},{"is_imperial_unit":false,"best_effort_type_id":6,"best_effort_type":"10 mile","elapsed_time":4641,"activity_id":690211873,"activity_name":"Queenstown Marathon 2015","start_date":"2015-11-21","workout_type_name":"race","elapsed_time_formatted":"01:17:21","pace_in_seconds":288.4400248601616,"pace":"4:49","pace_unit":"/km","elevation":206,"elevation_unit":"m","cadence":174,"suffer_score":"","gear_name":"ASICS DS Trainer 19 (Blue)","average_heartrate":167,"average_hr_zone":"3","max_heartrate":184,"max_hr_zone":"5"},{"is_imperial_unit":false,"best_effort_type_id":6,"best_effort_type":"10 mile","elapsed_time":5346,"activity_id":690211224,"activity_name":"RaceTeam Week #8 - Hagley Park","start_date":"2015-11-07","workout_type_name":"long run","elapsed_time_formatted":"01:29:06","pace_in_seconds":332.2560596643878,"pace":"5:33","pace_unit":"/km","elevation":29,"elevation_unit":"m","cadence":174,"suffer_score":"","gear_name":"ASICS GT-2000 3 Lite-Show","average_heartrate":159,"average_hr_zone":"2","max_heartrate":167,"max_hr_zone":"3"},{"is_imperial_unit":false,"best_effort_type_id":6,"best_effort_type":"10 mile","elapsed_time":5904,"activity_id":690210851,"activity_name":"Rapaki to Harry Ell with Brett","start_date":"2015-10-25","workout_type_name":"long run","elapsed_time_formatted":"01:38:24","pace_in_seconds":366.93598508390306,"pace":"6:07","pace_unit":"/km","elevation":660,"elevation_unit":"m","cadence":171,"suffer_score":"","gear_name":"ASICS GT-2000 3 Lite-Show","average_heartrate":154,"average_hr_zone":"2","max_heartrate":173,"max_hr_zone":"4"},{"is_imperial_unit":false,"best_effort_type_id":6,"best_effort_type":"10 mile","elapsed_time":5740,"activity_id":690210351,"activity_name":"RaceTeam Week #5 - Centennial Park","start_date":"2015-10-17","workout_type_name":"long run","elapsed_time_formatted":"01:35:40","pace_in_seconds":356.7433188315724,"pace":"5:57","pace_unit":"/km","elevation":209,"elevation_unit":"m","cadence":172,"suffer_score":"","gear_name":"ASICS GT-2000 3 Lite-Show","average_heartrate":148,"average_hr_zone":"1","max_heartrate":166,"max_hr_zone":"3"},{"is_imperial_unit":false,"best_effort_type_id":6,"best_effort_type":"10 mile","elapsed_time":4706,"activity_id":690210040,"activity_name":"RaceTeam Week #4 - McCormacks Bay Reserve","start_date":"2015-10-10","workout_type_name":"long run","elapsed_time_formatted":"01:18:26","pace_in_seconds":292.47980111870726,"pace":"4:53","pace_unit":"/km","elevation":281,"elevation_unit":"m","cadence":176,"suffer_score":"","gear_name":"ASICS GT-2000 3 Lite-Show","average_heartrate":159,"average_hr_zone":"2","max_heartrate":170,"max_hr_zone":"3"},{"is_imperial_unit":false,"best_effort_type_id":6,"best_effort_type":"10 mile","elapsed_time":5281,"activity_id":690209577,"activity_name":"RaceTeam Week #3 - Harry Ell \u0026 Summit Road","start_date":"2015-10-03","workout_type_name":"long run","elapsed_time_formatted":"01:28:01","pace_in_seconds":328.2162834058421,"pace":"5:29","pace_unit":"/km","elevation":668,"elevation_unit":"m","cadence":172,"suffer_score":"","gear_name":"ASICS GT-2000 3 Lite-Show","average_heartrate":153,"average_hr_zone":"2","max_heartrate":167,"max_hr_zone":"3"},{"is_imperial_unit":false,"best_effort_type_id":6,"best_effort_type":"10 mile","elapsed_time":5497,"activity_id":690208949,"activity_name":"RaceTeam Week #2 - Bottle Lake Forrest Park","start_date":"2015-09-26","workout_type_name":"long run","elapsed_time_formatted":"01:31:37","pace_in_seconds":341.6407706650093,"pace":"5:42","pace_unit":"/km","elevation":134,"elevation_unit":"m","cadence":175,"suffer_score":"","gear_name":"ASICS DS Trainer 19 (Blue)","average_heartrate":155,"average_hr_zone":"2","max_heartrate":171,"max_hr_zone":"3"},{"is_imperial_unit":false,"best_effort_type_id":6,"best_effort_type":"10 mile","elapsed_time":5932,"activity_id":690205831,"activity_name":"Half Marathon run to Shane's house","start_date":"2015-07-19","workout_type_name":"long run","elapsed_time_formatted":"01:38:52","pace_in_seconds":368.6761963952766,"pace":"6:09","pace_unit":"/km","elevation":30,"elevation_unit":"m","cadence":167,"suffer_score":"","gear_name":"ASICS DS Trainer 18 (Blue)","average_heartrate":145,"average_hr_zone":"1","max_heartrate":159,"max_hr_zone":"2"},{"is_imperial_unit":false,"best_effort_type_id":6,"best_effort_type":"10 mile","elapsed_time":5241,"activity_id":690200263,"activity_name":"Second Half Marathon Done","start_date":"2015-05-17","workout_type_name":"long run","elapsed_time_formatted":"01:27:21","pace_in_seconds":325.7302672467371,"pace":"5:26","pace_unit":"/km","elevation":56,"elevation_unit":"m","cadence":"","suffer_score":"","gear_name":"ASICS GT-2000 2","average_heartrate":-1,"average_hr_zone":"na","max_heartrate":-1,"max_hr_zone":"na"},{"is_imperial_unit":false,"best_effort_type_id":6,"best_effort_type":"10 mile","elapsed_time":5475,"activity_id":690198977,"activity_name":"First ever half marathon run","start_date":"2015-04-18","workout_type_name":"long run","elapsed_time_formatted":"01:31:15","pace_in_seconds":340.27346177750155,"pace":"5:41","pace_unit":"/km","elevation":87,"elevation_unit":"m","cadence":"","suffer_score":"","gear_name":"ASICS GT-2000 2","average_heartrate":-1,"average_hr_zone":"na","max_heartrate":-1,"max_hr_zone":"na"}]