[{"is_imperial_unit":false,"best_effort_type_id":7,"best_effort_type":"15k","elapsed_time":5025,"activity_id":690214648,"activity_name":"Trying to find Matt's office","start_date":"2016-01-10","workout_type_name":"long run","elapsed_time_formatted":"01:23:45","pace_in_seconds":335.0,"pace":"5:35","pace_unit":"/km","elevation":17,"elevation_unit":"m","cadence":172,"suffer_score":"","gear_name":"ASICS Noosa Tri 10 (Orange)","average_heartrate":144,"average_hr_zone":"1","max_heartrate":155,"max_hr_zone":"2"},{"is_imperial_unit":false,"best_effort_type_id":7,"best_effort_type":"15k","elapsed_time":4810,"activity_id":690214327,"activity_name":"New home - St Bede's - Little Hagley - New home","start_date":"2016-01-04","workout_type_name":"long run","elapsed_time_formatted":"01:20:10","pace_in_seconds":320.6666666666667,"pace":"5:21","pace_unit":"/km","elevation":23,"elevation_unit":"m","cadence":173,"suffer_score":"","gear_name":"ASICS Noosa Tri 10 (Orange)","average_heartrate":151,"average_hr_zone":"1","max_heartrate":158,"max_hr_zone":"2"},{"is_imperial_unit":false,"best_effort_type_id":7,"best_effort_type":"15k","elapsed_time":4938,"activity_id":690214045,"activity_name":"A long run to Hagley Park and back","start_date":"2015-12-28","workout_type_name":"long run","elapsed_time_formatted":"01:22:18","pace_in_seconds":329.20000000000005,"pace":"5:30","pace_unit":"/km","elevation":36,"elevation_unit":"m","cadence":173,"suffer_score":"","gear_name":"ASICS GT-2000 3 Lite-Show","average_heartrate":150,"average_hr_zone":"1","max_heartrate":158,"max_hr_zone":"2"},{"is_imperial_unit":false,"best_effort_type_id":7,"best_effort_type":"15k","elapsed_time":4302,"activity_id":690211873,"activity_name":"Queenstown Marathon 2015","start_date":"2015-11-21","workout_type_name":"race","elapsed_time_formatted":"01:11:42","pace_in_seconds":286.8,"pace":"4:47","pace_unit":"/km","elevation":206,"elevation_unit":"m","cadence":174,"suffer_score":"","gear_name":"ASICS DS Trainer 19 (Blue)","average_heartrate":167,"average_hr_zone":"3","max_heartrate":184,"max_hr_zone":"5"},{"is_imperial_unit":false,"best_effort_type_id":7,"best_effort_type":"15k","elapsed_time":4994,"activity_id":690211224,"activity_name":"RaceTeam Week #8 - Hagley Park","start_date":"2015-11-07","workout_type_name":"long run","elapsed_time_formatted":"01:23:14","pace_in_seconds":332.93333333333334,"pace":"5:33","pace_unit":"/km","elevation":29,"elevation_unit":"m","cadence":174,"suffer_score":"","gear_name":"ASICS GT-2000 3 Lite-Show","average_heartrate":159,"average_hr_zone":"2","max_heartrate":167,"max_hr_zone":"3"},{"is_imperial_unit":false,"best_effort_type_id":7,"best_effort_type":"15k","elapsed_time":5575,"activity_id":690210851,"activity_name":"Rapaki to Harry Ell with Brett","start_date":"2015-10-25","workout_type_name":"long run","elapsed_time_formatted":"01:32:55","pace_in_seconds":371.66666666666663,"pace":"6:12","pace_unit":"/km","elevation":660,"elevation_unit":"m","cadence":171,"suffer_score":"","gear_name":"ASICS GT-2000 3 Lite-Show","average_heartrate":154,"average_hr_zone":"2","max_heartrate":173,"max_hr_zone":"4"},{"is_imperial_unit":false,"best_effort_type_id":7,"best_effort_type":"15k","elapsed_time":5351,"activity_id":690210351,"activity_name":"RaceTeam Week #5 - Centennial Park","start_date":"2015-10-17","workout_type_name":"long run","elapsed_time_formatted":"01:29:11","pace_in_seconds":356.73333333333335,"pace":"5:57","pace_unit":"/km","elevation":209,"elevation_unit":"m","cadence":172,"suffer_score":"","gear_name":"ASICS GT-2000 3 Lite-Show","average_heartrate":148,"average_hr_zone":"1","max_heartrate":166,"max_hr_zone":"3"},{"is_imperial_unit":false,"best_effort_type_id":7,"best_effort_type":"15k","elapsed_time":4372,"activity_id":690210040,"activity_name":"RaceTeam Week #4 - McCormacks Bay Reserve","start_date":"2015-10-10","workout_type_name":"long run","elapsed_time_formatted":"01:12:52","pace_in_seconds":291.4666666666667,"pace":"4:52","pace_unit":"/km","elevation":281,"elevation_unit":"m","cadence":176,"suffer_score":"","gear_name":"ASICS GT-2000 3 Lite-Show","average_heartrate":159,"average_hr_zone":"2","max_heartrate":170,"max_hr_zone":"3"},{"is_imperial_unit":false,"best_effort_type_id":7,"best_effort_type":"15k","elapsed_time":4874,"activity_id":690209577,"activity_name":"RaceTeam Week #3 - Harry Ell \u0026 Summit Road","start_date":"2015-10-03","workout_type_name":"long run","elapsed_time_formatted":"01:21:14","pace_in_seconds":324.93333333333334,"pace":"5:25","pace_unit":"/km","elevation":668,"elevation_unit":"m","cadence":172,"suffer_score":"","gear_name":"ASICS GT-2000 3 Lite-Show","average_heartrate":153,"average_hr_zone":"2","max_heartrate":167,"max_hr_zone":"3"},{"is_imperial_unit":false,"best_effort_type_id":7,"best_effort_type":"15k","elapsed_time":5149,"activity_id":690208949,"activity_name":"RaceTeam Week #2 - Bottle Lake Forrest Park","start_date":"2015-09-26","workout_type_name":"long run","elapsed_time_formatted":"01:25:49","pace_in_seconds":343.26666666666665,"pace":"5:44","pace_unit":"/km","elevation":134,"elevation_unit":"m","cadence":175,"suffer_score":"","gear_name":"ASICS DS Trainer 19 (Blue)","average_heartrate":155,"average_hr_zone":"2","max_heartrate":171,"max_hr_zone":"3"},{"is_imperial_unit":false,"best_effort_type_id":7,"best_effort_type":"15k","elapsed_time":5469,"activity_id":690206564,"activity_name":"First ever Rapaki Track run","start_date":"2015-08-02","workout_type_name":"long run","elapsed_time_formatted":"01:31:09","pace_in_seconds":364.59999999999997,"pace":"6:05","pace_unit":"/km","elevation":547,"elevation_unit":"m","cadence":163,"suffer_score":"","gear_name":"ASICS GT-2000 3 Lite-Show","average_heartrate":154,"average_hr_zone":"2","max_heartrate":168,"max_hr_zone":"3"},{"is_imperial_unit":false,"best_effort_type_id":7,"best_effort_type":"15k","elapsed_time":5388,"activity_id":690205831,"activity_name":"Half Marathon run to Shane's house","start_date":"2015-07-19","workout_type_name":"long run","elapsed_time_formatted":"01:29:48","pace_in_seconds":359.20000000000005,"pace":"6:00","pace_unit":"/km","elevation":30,"elevation_unit":"m","cadence":167,"suffer_score":"","gear_name":"ASICS DS Trainer 18 (Blue)","average_heartrate":145,"average_hr_zone":"1","max_heartrate":159,"max_hr_zone":"2"},{"is_imperial_unit":false,"best_effort_type_id":7,"best_effort_type":"15k","elapsed_time":4882,"activity_id":690200263,"activity_name":"Second Half Marathon Done","start_date":"2015-05-17","workout_type_name":"long run","elapsed_time_formatted":"01:21:22","pace_in_seconds":325.4666666666667,"pace":"5:26","pace_unit":"/km","elevation":56,"elevation_unit":"m","cadence":"","suffer_score":"","gear_name":"ASICS GT-2000 2","average_heartrate":-1,"average_hr_zone":"na","max_heartrate":-1,"max_hr_zone":"na"},{"is_imperial_unit":false,"best_effort_type_id":7,"best_effort_type":"15k","elapsed_time":5092,"activity_id":690198977,"activity_name":"First ever half marathon run","start_date":"2015-04-18","workout_type_name":"long run","elapsed_time_formatted":"01:24:52","pace_in_seconds":339.4666666666667,"pace":"5:40","pace_unit":"/km","elevation":87,"elevation_unit":"m","cadence":"","suffer_score":"","gear_name":"ASICS GT-2000 2","average_heartrate":-1,"average_hr_zone":"na","max_heartrate":-1,"max_hr_zone":"na"}]