[{"is_imperial_unit":false,"best_effort_type_id":5,"best_effort_type":"20k","elapsed_time":6645,"activity_id":690214045,"activity_name":"A long run to Hagley Park and back","start_date":"2015-12-28","workout_type_name":"long run","elapsed_time_formatted":"01:50:45","pace_in_seconds":332.25,"pace":"5:33","pace_unit":"/km","elevation":36,"elevation_unit":"m","cadence":173,"suffer_score":"","gear_name":"ASICS GT-2000 3 Lite-Show","average_heartrate":150,"average_hr_zone":"1","max_heartrate":158,"max_hr_zone":"2"},{"is_imperial_unit":false,"best_effort_type_id":5,"best_effort_type":"20k","elapsed_time":5860,"activity_id":690211873,"activity_name":"Queenstown Marathon 2015","start_date":"2015-11-21","workout_type_name":"race","elapsed_time_formatted":"01:37:40","pace_in_seconds":293.0,"pace":"4:53","pace_unit":"/km","elevation":206,"elevation_unit":"m","cadence":174,"suffer_score":"","gear_name":"ASICS DS Trainer 19 (Blue)","average_heartrate":167,"average_hr_zone":"3","max_heartrate":184,"max_hr_zone":"5"},{"is_imperial_unit":false,"best_effort_type_id":5,"best_effort_type":"20k","elapsed_time":6833,"activity_id":690208949,"activity_name":"RaceTeam Week #2 - Bottle Lake Forrest Park","start_date":"2015-09-26","workout_type_name":"long run","elapsed_time_formatted":"01:53:53","pace_in_seconds":341.65,"pace":"5:42","pace_unit":"/km","elevation":134,"elevation_unit":"m","cadence":175,"suffer_score":"","gear_name":"ASICS DS Trainer 19 (Blue)","average_heartrate":155,"average_hr_zone":"2","max_heartrate":171,"max_hr_zone":"3"},{"is_imperial_unit":false,"best_effort_type_id":5,"best_effort_type":"20k","elapsed_time":7478,"activity_id":690205831,"activity_name":"Half Marathon run to Shane's house","start_date":"2015-07-19","workout_type_name":"long run","elapsed_time_formatted":"02:04:38","pace_in_seconds":373.90000000000003,"pace":"6:14","pace_unit":"/km","elevation":30,"elevation_unit":"m","cadence":167,"suffer_score":"","gear_name":"ASICS DS Trainer 18 (Blue)","average_heartrate":145,"average_hr_zone":"1","max_heartrate":159,"max_hr_zone":"2"},{"is_imperial_unit":false,"best_effort_type_id":5,"best_effort_type":"20k","elapsed_time":6552,"activity_id":690200263,"activity_name":"Second Half Marathon Done","start_date":"2015-05-17","workout_type_name":"long run","elapsed_time_formatted":"01:49:12","pace_in_seconds":327.6,"pace":"5:28","pace_unit":"/km","elevation":56,"elevation_unit":"m","cadence":"","suffer_score":"","gear_name":"ASICS GT-2000 2","average_heartrate":-1,"average_hr_zone":"na","max_heartrate":-1,"max_hr_zone":"na"},{"is_imperial_unit":false,"best_effort_type_id":5,"best_effort_type":"20k","elapsed_time":6854,"activity_id":690198977,"activity_name":"First ever half marathon run","start_date":"2015-04-18","workout_type_name":"long run","elapsed_time_formatted":"01:54:14","pace_in_seconds":342.7,"pace":"5:43","pace_unit":"/km","elevation":87,"elevation_unit":"m","cadence":"","suffer_score":"","gear_name":"ASICS GT-2000 2","average_heartrate":-1,"average_hr_zone":"na","max_heartrate":-1,"max_hr_zone":"na"}]