[{"is_imperial_unit":false,"best_effort_type_id":3,"best_effort_type":"Half Marathon","elapsed_time":7014,"activity_id":690214045,"activity_name":"A long run to Hagley Park and back","start_date":"2015-12-28","workout_type_name":"long run","elapsed_time_formatted":"01:56:54","pace_in_seconds":332.46433142152915,"pace":"5:33","pace_unit":"/km","elevation":36,"elevation_unit":"m","cadence":173,"suffer_score":"","gear_name":"ASICS GT-2000 3 Lite-Show","average_heartrate":150,"average_hr_zone":"1","max_heartrate":158,"max_hr_zone":"2"},{"is_imperial_unit":false,"best_effort_type_id":3,"best_effort_type":"Half Marathon","elapsed_time":6183,"activity_id":690211873,"activity_name":"Queenstown Marathon 2015","start_date":"2015-11-21","workout_type_name":"race","elapsed_time_formatted":"01:43:03","pace_in_seconds":293.0748447646585,"pace":"4:54","pace_unit":"/km","elevation":206,"elevation_unit":"m","cadence":174,"suffer_score":"","gear_name":"ASICS DS Trainer 19 (Blue)","average_heartrate":167,"average_hr_zone":"3","max_heartrate":184,"max_hr_zone":"5"},{"is_imperial_unit":false,"best_effort_type_id":3,"best_effort_type":"Half Marathon","elapsed_time":7374,"activity_id":690208949,"activity_name":"RaceTeam Week #2 - Bottle Lake Forrest Park","start_date":"2015-09-26","workout_type_name":"long run","elapsed_time_formatted":"02:02:54","pace_in_seconds":349.5283689624117,"pace":"5:50","pace_unit":"/km","elevation":134,"elevation_unit":"m","cadence":175,"suffer_score":"","gear_name":"ASICS DS Trainer 19 (Blue)","average_heartrate":155,"average_hr_zone":"2","max_heartrate":171,"max_hr_zone":"3"},{"is_imperial_unit":false,"best_effort_type_id":3,"best_effort_type":"Half Marathon","elapsed_time":7891,"activity_id":690205831,"activity_name":"Half Marathon run to Shane's house","start_date":"2015-07-19","workout_type_name":"long run","elapsed_time_formatted":"02:11:31","pace_in_seconds":374.0342228752903,"pace":"6:15","pace_unit":"/km","elevation":30,"elevation_unit":"m","cadence":167,"suffer_score":"","gear_name":"ASICS DS Trainer 18 (Blue)","average_heartrate":145,"average_hr_zone":"1","max_heartrate":159,"max_hr_zone":"2"},{"is_imperial_unit":false,"best_effort_type_id":3,"best_effort_type":"Half Marathon","elapsed_time":6918,"activity_id":690200263,"activity_name":"Second Half Marathon Done","start_date":"2015-05-17","workout_type_name":"long run","elapsed_time_formatted":"01:55:18","pace_in_seconds":327.9139214106271,"pace":"5:28","pace_unit":"/km","elevation":56,"elevation_unit":"m","cadence":"","suffer_score":"","gear_name":"ASICS GT-2000 2","average_heartrate":-1,"average_hr_zone":"na","max_heartrate":-1,"max_hr_zone":"na"},{"is_imperial_unit":false,"best_effort_type_id":3,"best_effort_type":"Half Marathon","elapsed_time":7237,"activity_id":690198977,"activity_name":"First ever half marathon run","start_date":"2015-04-18","workout_type_name":"long run","elapsed_time_formatted":"02:00:37","pace_in_seconds":343.03455467602026,"pace":"5:44","pace_unit":"/km","elevation":87,"elevation_unit":"m","cadence":"","suffer_score":"","gear_name":"ASICS GT-2000 2","average_heartrate":-1,"average_hr_zone":"na","max_heartrate":-1,"max_hr_zone":"na"}]