[{"is_imperial_unit":false,"best_effort_type_id":8,"best_effort_type":"10k","elapsed_time":2694,"activity_id":690213152,"activity_name":"Sri Chinmoy 2015 - 10km Christmas Dash","start_date":"2015-12-13","workout_type_name":"race","elapsed_time_formatted":"00:44:54","pace_in_seconds":269.4,"pace":"4:30","pace_unit":"/km","elevation":44,"elevation_unit":"m","cadence":177,"suffer_score":"","gear_name":"ASICS DS Racer 9","average_heartrate":173,"average_hr_zone":"4","max_heartrate":180,"max_hr_zone":"4"},{"is_imperial_unit":false,"best_effort_type_id":8,"best_effort_type":"10k","elapsed_time":2715,"activity_id":690208774,"activity_name":"RaceTeam Week #2 - Track Session","start_date":"2015-09-22","workout_type_name":"workout","elapsed_time_formatted":"00:45:15","pace_in_seconds":271.5,"pace":"4:32","pace_unit":"/km","elevation":0,"elevation_unit":"m","cadence":180,"suffer_score":"","gear_name":"ASICS DS Trainer 19 (Blue)","average_heartrate":160,"average_hr_zone":"2","max_heartrate":172,"max_hr_zone":"4"},{"is_imperial_unit":false,"best_effort_type_id":8,"best_effort_type":"10k","elapsed_time":2721,"activity_id":690208078,"activity_name":"North Shore Marathon 2015","start_date":"2015-09-06","workout_type_name":"race","elapsed_time_formatted":"00:45:21","pace_in_seconds":272.1,"pace":"4:33","pace_unit":"/km","elevation":63,"elevation_unit":"m","cadence":180,"suffer_score":"","gear_name":"ASICS DS Racer 9","average_heartrate":170,"average_hr_zone":"3","max_heartrate":179,"max_hr_zone":"4"},{"is_imperial_unit":false,"best_effort_type_id":8,"best_effort_type":"10k","elapsed_time":2902,"activity_id":690190153,"activity_name":"Christchurch Marathon 2014","start_date":"2014-06-01","workout_type_name":"race","elapsed_time_formatted":"00:48:22","pace_in_seconds":290.2,"pace":"4:51","pace_unit":"/km","elevation":13,"elevation_unit":"m","cadence":"","suffer_score":"","gear_name":"Fila Facilitator","average_heartrate":-1,"average_hr_zone":"na","max_heartrate":-1,"max_hr_zone":"na"},{"is_imperial_unit":false,"best_effort_type_id":8,"best_effort_type":"10k","elapsed_time":3150,"activity_id":690189445,"activity_name":"10km run 10 days prior to Christchurch Marathon","start_date":"2014-05-21","workout_type_name":"long run","elapsed_time_formatted":"00:52:30","pace_in_seconds":315.0,"pace":"5:15","pace_unit":"/km","elevation":24,"elevation_unit":"m","cadence":"","suffer_score":"","gear_name":"Fila Facilitator","average_heartrate":-1,"average_hr_zone":"na","max_heartrate":-1,"max_hr_zone":"na"},{"is_imperial_unit":false,"best_effort_type_id":8,"best_effort_type":"10k","elapsed_time":3236,"activity_id":690187626,"activity_name":"Third 10km run done on a Saturday arvo","start_date":"2014-05-03","workout_type_name":"long run","elapsed_time_formatted":"00:53:56","pace_in_seconds":323.59999999999997,"pace":"5:24","pace_unit":"/km","elevation":12,"elevation_unit":"m","cadence":"","suffer_score":"","gear_name":"Fila Facilitator","average_heartrate":-1,"average_hr_zone":"na","max_heartrate":-1,"max_hr_zone":"na"}]