[{"is_imperial_unit":false,"best_effort_type_id":7,"best_effort_type":"15k","elapsed_time":4302,"activity_id":690211873,"activity_name":"Queenstown Marathon 2015","start_date":"2015-11-21","workout_type_name":"race","elapsed_time_formatted":"01:11:42","pace_in_seconds":286.8,"pace":"4:47","pace_unit":"/km","elevation":206,"elevation_unit":"m","cadence":174,"suffer_score":"","gear_name":"ASICS DS Trainer 19 (Blue)","average_heartrate":167,"average_hr_zone":"3","max_heartrate":184,"max_hr_zone":"5"},{"is_imperial_unit":false,"best_effort_type_id":7,"best_effort_type":"15k","elapsed_time":4372,"activity_id":690210040,"activity_name":"RaceTeam Week #4 - McCormacks Bay Reserve","start_date":"2015-10-10","workout_type_name":"long run","elapsed_time_formatted":"01:12:52","pace_in_seconds":291.4666666666667,"pace":"4:52","pace_unit":"/km","elevation":281,"elevation_unit":"m","cadence":176,"suffer_score":"","gear_name":"ASICS GT-2000 3 Lite-Show","average_heartrate":159,"average_hr_zone":"2","max_heartrate":170,"max_hr_zone":"3"},{"is_imperial_unit":false,"best_effort_type_id":7,"best_effort_type":"15k","elapsed_time":4874,"activity_id":690209577,"activity_name":"RaceTeam Week #3 - Harry Ell \u0026 Summit Road","start_date":"2015-10-03","workout_type_name":"long run","elapsed_time_formatted":"01:21:14","pace_in_seconds":324.93333333333334,"pace":"5:25","pace_unit":"/km","elevation":668,"elevation_unit":"m","cadence":172,"suffer_score":"","gear_name":"ASICS GT-2000 3 Lite-Show","average_heartrate":153,"average_hr_zone":"2","max_heartrate":167,"max_hr_zone":"3"},{"is_imperial_unit":false,"best_effort_type_id":7,"best_effort_type":"15k","elapsed_time":4882,"activity_id":690200263,"activity_name":"Second Half Marathon Done","start_date":"2015-05-17","workout_type_name":"long run","elapsed_time_formatted":"01:21:22","pace_in_seconds":325.4666666666667,"pace":"5:26","pace_unit":"/km","elevation":56,"elevation_unit":"m","cadence":"","suffer_score":"","gear_name":"ASICS GT-2000 2","average_heartrate":-1,"average_hr_zone":"na","max_heartrate":-1,"max_hr_zone":"na"}]