[{"is_imperial_unit":false,"best_effort_type_id":13,"best_effort_type":"1/2 mile","elapsed_time":175,"activity_id":690207717,"activity_name":"Run down Rapaki with Zoe after hill repeats","start_date":"2015-08-29","workout_type_name":"workout","elapsed_time_formatted":"00:02:55","pace_in_seconds":217.3913043478261,"pace":"3:38","pace_unit":"/km","elevation":523,"elevation_unit":"m","cadence":165,"suffer_score":"","gear_name":"ASICS DS Trainer 19 (Blue)","average_heartrate":159,"average_hr_zone":"2","max_heartrate":177,"max_hr_zone":"4"},{"is_imperial_unit":false,"best_effort_type_id":13,"best_effort_type":"1/2 mile","elapsed_time":182,"activity_id":690206108,"activity_name":"Sri Chinmoy 2015 - Sumner Esplanade 5km #3","start_date":"2015-07-26","workout_type_name":"race","elapsed_time_formatted":"00:03:02","pace_in_seconds":226.08695652173913,"pace":"3:47","pace_unit":"/km","elevation":45,"elevation_unit":"m","cadence":175,"suffer_score":"","gear_name":"ASICS DS Racer 9","average_heartrate":172,"average_hr_zone":"4","max_heartrate":178,"max_hr_zone":"4"},{"is_imperial_unit":false,"best_effort_type_id":13,"best_effort_type":"1/2 mile","elapsed_time":185,"activity_id":690200527,"activity_name":"Saturday Arvo Run Up to Cashmere Hills","start_date":"2015-05-23","workout_type_name":"run","elapsed_time_formatted":"00:03:05","pace_in_seconds":229.81366459627327,"pace":"3:50","pace_unit":"/km","elevation":176,"elevation_unit":"m","cadence":"","suffer_score":"","gear_name":"ASICS DS Trainer 18 (Blue)","average_heartrate":-1,"average_hr_zone":"na","max_heartrate":-1,"max_hr_zone":"na"},{"is_imperial_unit":false,"best_effort_type_id":13,"best_effort_type":"1/2 mile","elapsed_time":208,"activity_id":690197197,"activity_name":"First run back in Wuhan, China","start_date":"2015-02-12","workout_type_name":"run","elapsed_time_formatted":"00:03:28","pace_in_seconds":258.3850931677019,"pace":"4:19","pace_unit":"/km","elevation":0,"elevation_unit":"m","cadence":"","suffer_score":"","gear_name":"ASICS GT-2000 2","average_heartrate":-1,"average_hr_zone":"na","max_heartrate":-1,"max_hr_zone":"na"},{"is_imperial_unit":false,"best_effort_type_id":13,"best_effort_type":"1/2 mile","elapsed_time":221,"activity_id":690190153,"activity_name":"Christchurch Marathon 2014","start_date":"2014-06-01","workout_type_name":"race","elapsed_time_formatted":"00:03:41","pace_in_seconds":274.53416149068323,"pace":"4:35","pace_unit":"/km","elevation":13,"elevation_unit":"m","cadence":"","suffer_score":"","gear_name":"Fila Facilitator","average_heartrate":-1,"average_hr_zone":"na","max_heartrate":-1,"max_hr_zone":"na"},{"is_imperial_unit":false,"best_effort_type_id":13,"best_effort_type":"1/2 mile","elapsed_time":224,"activity_id":690188007,"activity_name":"Run back home from Telogis office","start_date":"2014-05-06","workout_type_name":"run","elapsed_time_formatted":"00:03:44","pace_in_seconds":278.2608695652174,"pace":"4:39","pace_unit":"/km","elevation":15,"elevation_unit":"m","cadence":"","suffer_score":"","gear_name":"Fila Facilitator","average_heartrate":-1,"average_hr_zone":"na","max_heartrate":-1,"max_hr_zone":"na"},{"is_imperial_unit":false,"best_effort_type_id":13,"best_effort_type":"1/2 mile","elapsed_time":228,"activity_id":690187439,"activity_name":"A steady Wednesday arvo 5km run","start_date":"2014-04-30","workout_type_name":"run","elapsed_time_formatted":"00:03:48","pace_in_seconds":283.2298136645963,"pace":"4:44","pace_unit":"/km","elevation":11,"elevation_unit":"m","cadence":"","suffer_score":"","gear_name":"Fila Facilitator","average_heartrate":-1,"average_hr_zone":"na","max_heartrate":-1,"max_hr_zone":"na"},{"is_imperial_unit":false,"best_effort_type_id":13,"best_effort_type":"1/2 mile","elapsed_time":236,"activity_id":690186804,"activity_name":"Anzac day 5km run","start_date":"2014-04-25","workout_type_name":"run","elapsed_time_formatted":"00:03:56","pace_in_seconds":293.167701863354,"pace":"4:54","pace_unit":"/km","elevation":0,"elevation_unit":"m","cadence":"","suffer_score":"","gear_name":"Fila Facilitator","average_heartrate":-1,"average_hr_zone":"na","max_heartrate":-1,"max_hr_zone":"na"},{"is_imperial_unit":false,"best_effort_type_id":13,"best_effort_type":"1/2 mile","elapsed_time":236,"activity_id":690186549,"activity_name":"Tuesday afternoon 5km run","start_date":"2014-04-22","workout_type_name":"run","elapsed_time_formatted":"00:03:56","pace_in_seconds":293.167701863354,"pace":"4:54","pace_unit":"/km","elevation":0,"elevation_unit":"m","cadence":"","suffer_score":"","gear_name":"Fila Facilitator","average_heartrate":-1,"average_hr_zone":"na","max_heartrate":-1,"max_hr_zone":"na"},{"is_imperial_unit":false,"best_effort_type_id":13,"best_effort_type":"1/2 mile","elapsed_time":238,"activity_id":690186399,"activity_name":"Monday arvo 5km run at a near sub-5 pace","start_date":"2014-04-21","workout_type_name":"run","elapsed_time_formatted":"00:03:58","pace_in_seconds":295.6521739130435,"pace":"4:56","pace_unit":"/km","elevation":0,"elevation_unit":"m","cadence":"","suffer_score":"","gear_name":"Fila Facilitator","average_heartrate":-1,"average_hr_zone":"na","max_heartrate":-1,"max_hr_zone":"na"},{"is_imperial_unit":false,"best_effort_type_id":13,"best_effort_type":"1/2 mile","elapsed_time":244,"activity_id":690185830,"activity_name":"Wet Tuesday night laps around the block","start_date":"2014-04-15","workout_type_name":"run","elapsed_time_formatted":"00:04:04","pace_in_seconds":303.10559006211184,"pace":"5:04","pace_unit":"/km","elevation":0,"elevation_unit":"m","cadence":"","suffer_score":"","gear_name":"Fila Facilitator","average_heartrate":-1,"average_hr_zone":"na","max_heartrate":-1,"max_hr_zone":"na"},{"is_imperial_unit":false,"best_effort_type_id":13,"best_effort_type":"1/2 mile","elapsed_time":246,"activity_id":690185709,"activity_name":"Cutts and Delaware loop run on a rainy night","start_date":"2014-04-14","workout_type_name":"run","elapsed_time_formatted":"00:04:06","pace_in_seconds":305.5900621118012,"pace":"5:06","pace_unit":"/km","elevation":0,"elevation_unit":"m","cadence":"","suffer_score":"","gear_name":"Fila Facilitator","average_heartrate":-1,"average_hr_zone":"na","max_heartrate":-1,"max_hr_zone":"na"},{"is_imperial_unit":false,"best_effort_type_id":13,"best_effort_type":"1/2 mile","elapsed_time":253,"activity_id":690182162,"activity_name":"Avonhead, Christchurch, New Zealand","start_date":"2014-02-06","workout_type_name":"run","elapsed_time_formatted":"00:04:13","pace_in_seconds":314.2857142857143,"pace":"5:15","pace_unit":"/km","elevation":14,"elevation_unit":"m","cadence":"","suffer_score":"","gear_name":"Fila Facilitator","average_heartrate":-1,"average_hr_zone":"na","max_heartrate":-1,"max_hr_zone":"na"},{"is_imperial_unit":false,"best_effort_type_id":13,"best_effort_type":"1/2 mile","elapsed_time":259,"activity_id":690181991,"activity_name":"Avonhead, Christchurch, New Zealand","start_date":"2014-02-04","workout_type_name":"run","elapsed_time_formatted":"00:04:19","pace_in_seconds":321.7391304347826,"pace":"5:22","pace_unit":"/km","elevation":0,"elevation_unit":"m","cadence":"","suffer_score":"","gear_name":"Fila Facilitator","average_heartrate":-1,"average_hr_zone":"na","max_heartrate":-1,"max_hr_zone":"na"},{"is_imperial_unit":false,"best_effort_type_id":13,"best_effort_type":"1/2 mile","elapsed_time":264,"activity_id":690181250,"activity_name":"Avonhead, Christchurch, New Zealand","start_date":"2014-01-21","workout_type_name":"run","elapsed_time_formatted":"00:04:24","pace_in_seconds":327.9503105590062,"pace":"5:28","pace_unit":"/km","elevation":0,"elevation_unit":"m","cadence":"","suffer_score":"","gear_name":"Fila Facilitator","average_heartrate":-1,"average_hr_zone":"na","max_heartrate":-1,"max_hr_zone":"na"},{"is_imperial_unit":false,"best_effort_type_id":13,"best_effort_type":"1/2 mile","elapsed_time":265,"activity_id":690180838,"activity_name":"Monday night run to Avonhead park and back","start_date":"2014-01-13","workout_type_name":"run","elapsed_time_formatted":"00:04:25","pace_in_seconds":329.1925465838509,"pace":"5:30","pace_unit":"/km","elevation":11,"elevation_unit":"m","cadence":"","suffer_score":"","gear_name":"Fila Facilitator","average_heartrate":-1,"average_hr_zone":"na","max_heartrate":-1,"max_hr_zone":"na"},{"is_imperial_unit":false,"best_effort_type_id":13,"best_effort_type":"1/2 mile","elapsed_time":275,"activity_id":690180747,"activity_name":"Almost done my first 5km run","start_date":"2014-01-10","workout_type_name":"run","elapsed_time_formatted":"00:04:35","pace_in_seconds":341.6149068322981,"pace":"5:42","pace_unit":"/km","elevation":0,"elevation_unit":"m","cadence":"","suffer_score":"","gear_name":"Fila Facilitator","average_heartrate":-1,"average_hr_zone":"na","max_heartrate":-1,"max_hr_zone":"na"},{"is_imperial_unit":false,"best_effort_type_id":13,"best_effort_type":"1/2 mile","elapsed_time":276,"activity_id":690180641,"activity_name":"Short 3km run along Withells Road","start_date":"2014-01-09","workout_type_name":"run","elapsed_time_formatted":"00:04:36","pace_in_seconds":342.8571428571429,"pace":"5:43","pace_unit":"/km","elevation":0,"elevation_unit":"m","cadence":"","suffer_score":"","gear_name":"Fila Facilitator","average_heartrate":-1,"average_hr_zone":"na","max_heartrate":-1,"max_hr_zone":"na"}]