[{"is_imperial_unit":false,"best_effort_type_id":12,"best_effort_type":"1k","elapsed_time":222,"activity_id":690207717,"activity_name":"Run down Rapaki with Zoe after hill repeats","start_date":"2015-08-29","workout_type_name":"workout","elapsed_time_formatted":"00:03:42","pace_in_seconds":222.0,"pace":"3:42","pace_unit":"/km","elevation":523,"elevation_unit":"m","cadence":165,"suffer_score":"","gear_name":"ASICS DS Trainer 19 (Blue)","average_heartrate":159,"average_hr_zone":"2","max_heartrate":177,"max_hr_zone":"4"},{"is_imperial_unit":false,"best_effort_type_id":12,"best_effort_type":"1k","elapsed_time":232,"activity_id":690206108,"activity_name":"Sri Chinmoy 2015 - Sumner Esplanade 5km #3","start_date":"2015-07-26","workout_type_name":"race","elapsed_time_formatted":"00:03:52","pace_in_seconds":231.99999999999997,"pace":"3:52","pace_unit":"/km","elevation":45,"elevation_unit":"m","cadence":175,"suffer_score":"","gear_name":"ASICS DS Racer 9","average_heartrate":172,"average_hr_zone":"4","max_heartrate":178,"max_hr_zone":"4"},{"is_imperial_unit":false,"best_effort_type_id":12,"best_effort_type":"1k","elapsed_time":233,"activity_id":690200527,"activity_name":"Saturday Arvo Run Up to Cashmere Hills","start_date":"2015-05-23","workout_type_name":"run","elapsed_time_formatted":"00:03:53","pace_in_seconds":233.00000000000003,"pace":"3:54","pace_unit":"/km","elevation":176,"elevation_unit":"m","cadence":"","suffer_score":"","gear_name":"ASICS DS Trainer 18 (Blue)","average_heartrate":-1,"average_hr_zone":"na","max_heartrate":-1,"max_hr_zone":"na"},{"is_imperial_unit":false,"best_effort_type_id":12,"best_effort_type":"1k","elapsed_time":259,"activity_id":690197197,"activity_name":"First run back in Wuhan, China","start_date":"2015-02-12","workout_type_name":"run","elapsed_time_formatted":"00:04:19","pace_in_seconds":259.0,"pace":"4:19","pace_unit":"/km","elevation":0,"elevation_unit":"m","cadence":"","suffer_score":"","gear_name":"ASICS GT-2000 2","average_heartrate":-1,"average_hr_zone":"na","max_heartrate":-1,"max_hr_zone":"na"},{"is_imperial_unit":false,"best_effort_type_id":12,"best_effort_type":"1k","elapsed_time":267,"activity_id":690196381,"activity_name":"Shoe Clinic ASICS 5K Series 2015 #3","start_date":"2015-01-20","workout_type_name":"race","elapsed_time_formatted":"00:04:27","pace_in_seconds":267.0,"pace":"4:27","pace_unit":"/km","elevation":23,"elevation_unit":"m","cadence":"","suffer_score":"","gear_name":"ASICS DS Racer 9","average_heartrate":-1,"average_hr_zone":"na","max_heartrate":-1,"max_hr_zone":"na"},{"is_imperial_unit":false,"best_effort_type_id":12,"best_effort_type":"1k","elapsed_time":277,"activity_id":690190153,"activity_name":"Christchurch Marathon 2014","start_date":"2014-06-01","workout_type_name":"race","elapsed_time_formatted":"00:04:37","pace_in_seconds":277.0,"pace":"4:37","pace_unit":"/km","elevation":13,"elevation_unit":"m","cadence":"","suffer_score":"","gear_name":"Fila Facilitator","average_heartrate":-1,"average_hr_zone":"na","max_heartrate":-1,"max_hr_zone":"na"},{"is_imperial_unit":false,"best_effort_type_id":12,"best_effort_type":"1k","elapsed_time":283,"activity_id":690188361,"activity_name":"Avonhead, Christchurch, New Zealand","start_date":"2014-05-10","workout_type_name":"run","elapsed_time_formatted":"00:04:43","pace_in_seconds":283.0,"pace":"4:43","pace_unit":"/km","elevation":11,"elevation_unit":"m","cadence":"","suffer_score":"","gear_name":"Fila Facilitator","average_heartrate":-1,"average_hr_zone":"na","max_heartrate":-1,"max_hr_zone":"na"},{"is_imperial_unit":false,"best_effort_type_id":12,"best_effort_type":"1k","elapsed_time":283,"activity_id":690188255,"activity_name":"Cold wet Friday night 5km run in Russley","start_date":"2014-05-09","workout_type_name":"run","elapsed_time_formatted":"00:04:43","pace_in_seconds":283.0,"pace":"4:43","pace_unit":"/km","elevation":0,"elevation_unit":"m","cadence":"","suffer_score":"","gear_name":"Fila Facilitator","average_heartrate":-1,"average_hr_zone":"na","max_heartrate":-1,"max_hr_zone":"na"},{"is_imperial_unit":false,"best_effort_type_id":12,"best_effort_type":"1k","elapsed_time":288,"activity_id":690187767,"activity_name":"4 Weeks til Christchurch Marathon","start_date":"2014-05-04","workout_type_name":"run","elapsed_time_formatted":"00:04:48","pace_in_seconds":288.0,"pace":"4:48","pace_unit":"/km","elevation":11,"elevation_unit":"m","cadence":"","suffer_score":"","gear_name":"Fila Facilitator","average_heartrate":-1,"average_hr_zone":"na","max_heartrate":-1,"max_hr_zone":"na"},{"is_imperial_unit":false,"best_effort_type_id":12,"best_effort_type":"1k","elapsed_time":291,"activity_id":690187626,"activity_name":"Third 10km run done on a Saturday arvo","start_date":"2014-05-03","workout_type_name":"long run","elapsed_time_formatted":"00:04:51","pace_in_seconds":291.0,"pace":"4:51","pace_unit":"/km","elevation":12,"elevation_unit":"m","cadence":"","suffer_score":"","gear_name":"Fila Facilitator","average_heartrate":-1,"average_hr_zone":"na","max_heartrate":-1,"max_hr_zone":"na"},{"is_imperial_unit":false,"best_effort_type_id":12,"best_effort_type":"1k","elapsed_time":295,"activity_id":690186672,"activity_name":"Thursday afternoon run with a sub-5 first kilometer","start_date":"2014-04-24","workout_type_name":"run","elapsed_time_formatted":"00:04:55","pace_in_seconds":295.0,"pace":"4:55","pace_unit":"/km","elevation":0,"elevation_unit":"m","cadence":"","suffer_score":"","gear_name":"Fila Facilitator","average_heartrate":-1,"average_hr_zone":"na","max_heartrate":-1,"max_hr_zone":"na"},{"is_imperial_unit":false,"best_effort_type_id":12,"best_effort_type":"1k","elapsed_time":297,"activity_id":690186549,"activity_name":"Tuesday afternoon 5km run","start_date":"2014-04-22","workout_type_name":"run","elapsed_time_formatted":"00:04:57","pace_in_seconds":297.0,"pace":"4:57","pace_unit":"/km","elevation":0,"elevation_unit":"m","cadence":"","suffer_score":"","gear_name":"Fila Facilitator","average_heartrate":-1,"average_hr_zone":"na","max_heartrate":-1,"max_hr_zone":"na"},{"is_imperial_unit":false,"best_effort_type_id":12,"best_effort_type":"1k","elapsed_time":298,"activity_id":690186399,"activity_name":"Monday arvo 5km run at a near sub-5 pace","start_date":"2014-04-21","workout_type_name":"run","elapsed_time_formatted":"00:04:58","pace_in_seconds":298.0,"pace":"4:58","pace_unit":"/km","elevation":0,"elevation_unit":"m","cadence":"","suffer_score":"","gear_name":"Fila Facilitator","average_heartrate":-1,"average_hr_zone":"na","max_heartrate":-1,"max_hr_zone":"na"},{"is_imperial_unit":false,"best_effort_type_id":12,"best_effort_type":"1k","elapsed_time":310,"activity_id":690185830,"activity_name":"Wet Tuesday night laps around the block","start_date":"2014-04-15","workout_type_name":"run","elapsed_time_formatted":"00:05:10","pace_in_seconds":310.0,"pace":"5:10","pace_unit":"/km","elevation":0,"elevation_unit":"m","cadence":"","suffer_score":"","gear_name":"Fila Facilitator","average_heartrate":-1,"average_hr_zone":"na","max_heartrate":-1,"max_hr_zone":"na"},{"is_imperial_unit":false,"best_effort_type_id":12,"best_effort_type":"1k","elapsed_time":316,"activity_id":690185709,"activity_name":"Cutts and Delaware loop run on a rainy night","start_date":"2014-04-14","workout_type_name":"run","elapsed_time_formatted":"00:05:16","pace_in_seconds":316.0,"pace":"5:16","pace_unit":"/km","elevation":0,"elevation_unit":"m","cadence":"","suffer_score":"","gear_name":"Fila Facilitator","average_heartrate":-1,"average_hr_zone":"na","max_heartrate":-1,"max_hr_zone":"na"},{"is_imperial_unit":false,"best_effort_type_id":12,"best_effort_type":"1k","elapsed_time":319,"activity_id":690182162,"activity_name":"Avonhead, Christchurch, New Zealand","start_date":"2014-02-06","workout_type_name":"run","elapsed_time_formatted":"00:05:19","pace_in_seconds":319.0,"pace":"5:19","pace_unit":"/km","elevation":14,"elevation_unit":"m","cadence":"","suffer_score":"","gear_name":"Fila Facilitator","average_heartrate":-1,"average_hr_zone":"na","max_heartrate":-1,"max_hr_zone":"na"},{"is_imperial_unit":false,"best_effort_type_id":12,"best_effort_type":"1k","elapsed_time":323,"activity_id":690181991,"activity_name":"Avonhead, Christchurch, New Zealand","start_date":"2014-02-04","workout_type_name":"run","elapsed_time_formatted":"00:05:23","pace_in_seconds":323.0,"pace":"5:23","pace_unit":"/km","elevation":0,"elevation_unit":"m","cadence":"","suffer_score":"","gear_name":"Fila Facilitator","average_heartrate":-1,"average_hr_zone":"na","max_heartrate":-1,"max_hr_zone":"na"},{"is_imperial_unit":false,"best_effort_type_id":12,"best_effort_type":"1k","elapsed_time":326,"activity_id":690181250,"activity_name":"Avonhead, Christchurch, New Zealand","start_date":"2014-01-21","workout_type_name":"run","elapsed_time_formatted":"00:05:26","pace_in_seconds":326.0,"pace":"5:26","pace_unit":"/km","elevation":0,"elevation_unit":"m","cadence":"","suffer_score":"","gear_name":"Fila Facilitator","average_heartrate":-1,"average_hr_zone":"na","max_heartrate":-1,"max_hr_zone":"na"},{"is_imperial_unit":false,"best_effort_type_id":12,"best_effort_type":"1k","elapsed_time":339,"activity_id":690180641,"activity_name":"Short 3km run along Withells Road","start_date":"2014-01-09","workout_type_name":"run","elapsed_time_formatted":"00:05:39","pace_in_seconds":339.0,"pace":"5:39","pace_unit":"/km","elevation":0,"elevation_unit":"m","cadence":"","suffer_score":"","gear_name":"Fila Facilitator","average_heartrate":-1,"average_hr_zone":"na","max_heartrate":-1,"max_hr_zone":"na"}]