[{"is_imperial_unit":false,"best_effort_type_id":5,"best_effort_type":"20k","elapsed_time":5860,"activity_id":690211873,"activity_name":"Queenstown Marathon 2015","start_date":"2015-11-21","workout_type_name":"race","elapsed_time_formatted":"01:37:40","pace_in_seconds":293.0,"pace":"4:53","pace_unit":"/km","elevation":206,"elevation_unit":"m","cadence":174,"suffer_score":"","gear_name":"ASICS DS Trainer 19 (Blue)","average_heartrate":167,"average_hr_zone":"3","max_heartrate":184,"max_hr_zone":"5"},{"is_imperial_unit":false,"best_effort_type_id":5,"best_effort_type":"20k","elapsed_time":6552,"activity_id":690200263,"activity_name":"Second Half Marathon Done","start_date":"2015-05-17","workout_type_name":"long run","elapsed_time_formatted":"01:49:12","pace_in_seconds":327.6,"pace":"5:28","pace_unit":"/km","elevation":56,"elevation_unit":"m","cadence":"","suffer_score":"","gear_name":"ASICS GT-2000 2","average_heartrate":-1,"average_hr_zone":"na","max_heartrate":-1,"max_hr_zone":"na"}]