[{"is_imperial_unit":false,"best_effort_type_id":14,"best_effort_type":"400m","elapsed_time":83,"activity_id":690207717,"activity_name":"Run down Rapaki with Zoe after hill repeats","start_date":"2015-08-29","workout_type_name":"workout","elapsed_time_formatted":"00:01:23","pace_in_seconds":207.49999999999997,"pace":"3:28","pace_unit":"/km","elevation":523,"elevation_unit":"m","cadence":165,"suffer_score":"","gear_name":"ASICS DS Trainer 19 (Blue)","average_heartrate":159,"average_hr_zone":"2","max_heartrate":177,"max_hr_zone":"4"},{"is_imperial_unit":false,"best_effort_type_id":14,"best_effort_type":"400m","elapsed_time":83,"activity_id":690206108,"activity_name":"Sri Chinmoy 2015 - Sumner Esplanade 5km #3","start_date":"2015-07-26","workout_type_name":"race","elapsed_time_formatted":"00:01:23","pace_in_seconds":207.49999999999997,"pace":"3:28","pace_unit":"/km","elevation":45,"elevation_unit":"m","cadence":175,"suffer_score":"","gear_name":"ASICS DS Racer 9","average_heartrate":172,"average_hr_zone":"4","max_heartrate":178,"max_hr_zone":"4"},{"is_imperial_unit":false,"best_effort_type_id":14,"best_effort_type":"400m","elapsed_time":84,"activity_id":690200527,"activity_name":"Saturday Arvo Run Up to Cashmere Hills","start_date":"2015-05-23","workout_type_name":"run","elapsed_time_formatted":"00:01:24","pace_in_seconds":210.0,"pace":"3:30","pace_unit":"/km","elevation":176,"elevation_unit":"m","cadence":"","suffer_score":"","gear_name":"ASICS DS Trainer 18 (Blue)","average_heartrate":-1,"average_hr_zone":"na","max_heartrate":-1,"max_hr_zone":"na"},{"is_imperial_unit":false,"best_effort_type_id":14,"best_effort_type":"400m","elapsed_time":100,"activity_id":690197197,"activity_name":"First run back in Wuhan, China","start_date":"2015-02-12","workout_type_name":"run","elapsed_time_formatted":"00:01:40","pace_in_seconds":250.0,"pace":"4:10","pace_unit":"/km","elevation":0,"elevation_unit":"m","cadence":"","suffer_score":"","gear_name":"ASICS GT-2000 2","average_heartrate":-1,"average_hr_zone":"na","max_heartrate":-1,"max_hr_zone":"na"},{"is_imperial_unit":false,"best_effort_type_id":14,"best_effort_type":"400m","elapsed_time":103,"activity_id":690196016,"activity_name":"Shoe Clinic ASICS 5K Series 2015 #1","start_date":"2015-01-06","workout_type_name":"race","elapsed_time_formatted":"00:01:43","pace_in_seconds":257.5,"pace":"4:18","pace_unit":"/km","elevation":23,"elevation_unit":"m","cadence":"","suffer_score":"","gear_name":"ASICS GT-2000 2","average_heartrate":-1,"average_hr_zone":"na","max_heartrate":-1,"max_hr_zone":"na"},{"is_imperial_unit":false,"best_effort_type_id":14,"best_effort_type":"400m","elapsed_time":104,"activity_id":690188007,"activity_name":"Run back home from Telogis office","start_date":"2014-05-06","workout_type_name":"run","elapsed_time_formatted":"00:01:44","pace_in_seconds":260.0,"pace":"4:20","pace_unit":"/km","elevation":15,"elevation_unit":"m","cadence":"","suffer_score":"","gear_name":"Fila Facilitator","average_heartrate":-1,"average_hr_zone":"na","max_heartrate":-1,"max_hr_zone":"na"},{"is_imperial_unit":false,"best_effort_type_id":14,"best_effort_type":"400m","elapsed_time":105,"activity_id":690186549,"activity_name":"Tuesday afternoon 5km run","start_date":"2014-04-22","workout_type_name":"run","elapsed_time_formatted":"00:01:45","pace_in_seconds":262.5,"pace":"4:23","pace_unit":"/km","elevation":0,"elevation_unit":"m","cadence":"","suffer_score":"","gear_name":"Fila Facilitator","average_heartrate":-1,"average_hr_zone":"na","max_heartrate":-1,"max_hr_zone":"na"},{"is_imperial_unit":false,"best_effort_type_id":14,"best_effort_type":"400m","elapsed_time":111,"activity_id":690186399,"activity_name":"Monday arvo 5km run at a near sub-5 pace","start_date":"2014-04-21","workout_type_name":"run","elapsed_time_formatted":"00:01:51","pace_in_seconds":277.5,"pace":"4:38","pace_unit":"/km","elevation":0,"elevation_unit":"m","cadence":"","suffer_score":"","gear_name":"Fila Facilitator","average_heartrate":-1,"average_hr_zone":"na","max_heartrate":-1,"max_hr_zone":"na"},{"is_imperial_unit":false,"best_effort_type_id":14,"best_effort_type":"400m","elapsed_time":114,"activity_id":690185709,"activity_name":"Cutts and Delaware loop run on a rainy night","start_date":"2014-04-14","workout_type_name":"run","elapsed_time_formatted":"00:01:54","pace_in_seconds":285.0,"pace":"4:45","pace_unit":"/km","elevation":0,"elevation_unit":"m","cadence":"","suffer_score":"","gear_name":"Fila Facilitator","average_heartrate":-1,"average_hr_zone":"na","max_heartrate":-1,"max_hr_zone":"na"},{"is_imperial_unit":false,"best_effort_type_id":14,"best_effort_type":"400m","elapsed_time":115,"activity_id":690185037,"activity_name":"Thursday night 30 minutes run","start_date":"2014-03-27","workout_type_name":"run","elapsed_time_formatted":"00:01:55","pace_in_seconds":287.5,"pace":"4:48","pace_unit":"/km","elevation":14,"elevation_unit":"m","cadence":"","suffer_score":"","gear_name":"Fila Facilitator","average_heartrate":-1,"average_hr_zone":"na","max_heartrate":-1,"max_hr_zone":"na"},{"is_imperial_unit":false,"best_effort_type_id":14,"best_effort_type":"400m","elapsed_time":118,"activity_id":690184729,"activity_name":"Saturday night run to Avonhead Park along Withells Road","start_date":"2014-03-22","workout_type_name":"run","elapsed_time_formatted":"00:01:58","pace_in_seconds":295.0,"pace":"4:55","pace_unit":"/km","elevation":14,"elevation_unit":"m","cadence":"","suffer_score":"","gear_name":"Fila Facilitator","average_heartrate":-1,"average_hr_zone":"na","max_heartrate":-1,"max_hr_zone":"na"},{"is_imperial_unit":false,"best_effort_type_id":14,"best_effort_type":"400m","elapsed_time":121,"activity_id":690181397,"activity_name":"Avonhead, Christchurch, New Zealand","start_date":"2014-01-27","workout_type_name":"run","elapsed_time_formatted":"00:02:01","pace_in_seconds":302.5,"pace":"5:03","pace_unit":"/km","elevation":0,"elevation_unit":"m","cadence":"","suffer_score":"","gear_name":"Fila Facilitator","average_heartrate":-1,"average_hr_zone":"na","max_heartrate":-1,"max_hr_zone":"na"},{"is_imperial_unit":false,"best_effort_type_id":14,"best_effort_type":"400m","elapsed_time":123,"activity_id":690181250,"activity_name":"Avonhead, Christchurch, New Zealand","start_date":"2014-01-21","workout_type_name":"run","elapsed_time_formatted":"00:02:03","pace_in_seconds":307.5,"pace":"5:08","pace_unit":"/km","elevation":0,"elevation_unit":"m","cadence":"","suffer_score":"","gear_name":"Fila Facilitator","average_heartrate":-1,"average_hr_zone":"na","max_heartrate":-1,"max_hr_zone":"na"},{"is_imperial_unit":false,"best_effort_type_id":14,"best_effort_type":"400m","elapsed_time":125,"activity_id":690180838,"activity_name":"Monday night run to Avonhead park and back","start_date":"2014-01-13","workout_type_name":"run","elapsed_time_formatted":"00:02:05","pace_in_seconds":312.5,"pace":"5:13","pace_unit":"/km","elevation":11,"elevation_unit":"m","cadence":"","suffer_score":"","gear_name":"Fila Facilitator","average_heartrate":-1,"average_hr_zone":"na","max_heartrate":-1,"max_hr_zone":"na"},{"is_imperial_unit":false,"best_effort_type_id":14,"best_effort_type":"400m","elapsed_time":126,"activity_id":690180641,"activity_name":"Short 3km run along Withells Road","start_date":"2014-01-09","workout_type_name":"run","elapsed_time_formatted":"00:02:06","pace_in_seconds":315.0,"pace":"5:15","pace_unit":"/km","elevation":0,"elevation_unit":"m","cadence":"","suffer_score":"","gear_name":"Fila Facilitator","average_heartrate":-1,"average_hr_zone":"na","max_heartrate":-1,"max_hr_zone":"na"},{"is_imperial_unit":false,"best_effort_type_id":14,"best_effort_type":"400m","elapsed_time":134,"activity_id":690180546,"activity_name":"Tuesday afternoon run towards Avonhead Road","start_date":"2014-01-07","workout_type_name":"run","elapsed_time_formatted":"00:02:14","pace_in_seconds":335.0,"pace":"5:35","pace_unit":"/km","elevation":0,"elevation_unit":"m","cadence":"","suffer_score":"","gear_name":"Fila Facilitator","average_heartrate":-1,"average_hr_zone":"na","max_heartrate":-1,"max_hr_zone":"na"}]