[{"is_imperial_unit":false,"best_effort_type_id":9,"best_effort_type":"5k","elapsed_time":1286,"activity_id":690213152,"activity_name":"Sri Chinmoy 2015 - 10km Christmas Dash","start_date":"2015-12-13","workout_type_name":"race","elapsed_time_formatted":"00:21:26","pace_in_seconds":257.2,"pace":"4:18","pace_unit":"/km","elevation":44,"elevation_unit":"m","cadence":177,"suffer_score":"","gear_name":"ASICS DS Racer 9","average_heartrate":173,"average_hr_zone":"4","max_heartrate":180,"max_hr_zone":"4"},{"is_imperial_unit":false,"best_effort_type_id":9,"best_effort_type":"5k","elapsed_time":1289,"activity_id":690201353,"activity_name":"Christchurch Marathon 2015","start_date":"2015-05-31","workout_type_name":"race","elapsed_time_formatted":"00:21:29","pace_in_seconds":257.8,"pace":"4:18","pace_unit":"/km","elevation":28,"elevation_unit":"m","cadence":"","suffer_score":"","gear_name":"ASICS DS Racer 9","average_heartrate":170,"average_hr_zone":"3","max_heartrate":181,"max_hr_zone":"4"},{"is_imperial_unit":false,"best_effort_type_id":9,"best_effort_type":"5k","elapsed_time":1339,"activity_id":690197197,"activity_name":"First run back in Wuhan, China","start_date":"2015-02-12","workout_type_name":"run","elapsed_time_formatted":"00:22:19","pace_in_seconds":267.8,"pace":"4:28","pace_unit":"/km","elevation":0,"elevation_unit":"m","cadence":"","suffer_score":"","gear_name":"ASICS GT-2000 2","average_heartrate":-1,"average_hr_zone":"na","max_heartrate":-1,"max_hr_zone":"na"},{"is_imperial_unit":false,"best_effort_type_id":9,"best_effort_type":"5k","elapsed_time":1421,"activity_id":690190153,"activity_name":"Christchurch Marathon 2014","start_date":"2014-06-01","workout_type_name":"race","elapsed_time_formatted":"00:23:41","pace_in_seconds":284.2,"pace":"4:45","pace_unit":"/km","elevation":13,"elevation_unit":"m","cadence":"","suffer_score":"","gear_name":"Fila Facilitator","average_heartrate":-1,"average_hr_zone":"na","max_heartrate":-1,"max_hr_zone":"na"},{"is_imperial_unit":false,"best_effort_type_id":9,"best_effort_type":"5k","elapsed_time":1489,"activity_id":690189445,"activity_name":"10km run 10 days prior to Christchurch Marathon","start_date":"2014-05-21","workout_type_name":"long run","elapsed_time_formatted":"00:24:49","pace_in_seconds":297.8,"pace":"4:58","pace_unit":"/km","elevation":24,"elevation_unit":"m","cadence":"","suffer_score":"","gear_name":"Fila Facilitator","average_heartrate":-1,"average_hr_zone":"na","max_heartrate":-1,"max_hr_zone":"na"},{"is_imperial_unit":false,"best_effort_type_id":9,"best_effort_type":"5k","elapsed_time":1519,"activity_id":690187767,"activity_name":"4 Weeks til Christchurch Marathon","start_date":"2014-05-04","workout_type_name":"run","elapsed_time_formatted":"00:25:19","pace_in_seconds":303.8,"pace":"5:04","pace_unit":"/km","elevation":11,"elevation_unit":"m","cadence":"","suffer_score":"","gear_name":"Fila Facilitator","average_heartrate":-1,"average_hr_zone":"na","max_heartrate":-1,"max_hr_zone":"na"},{"is_imperial_unit":false,"best_effort_type_id":9,"best_effort_type":"5k","elapsed_time":1540,"activity_id":690186399,"activity_name":"Monday arvo 5km run at a near sub-5 pace","start_date":"2014-04-21","workout_type_name":"run","elapsed_time_formatted":"00:25:40","pace_in_seconds":308.0,"pace":"5:08","pace_unit":"/km","elevation":0,"elevation_unit":"m","cadence":"","suffer_score":"","gear_name":"Fila Facilitator","average_heartrate":-1,"average_hr_zone":"na","max_heartrate":-1,"max_hr_zone":"na"},{"is_imperial_unit":false,"best_effort_type_id":9,"best_effort_type":"5k","elapsed_time":1624,"activity_id":690185830,"activity_name":"Wet Tuesday night laps around the block","start_date":"2014-04-15","workout_type_name":"run","elapsed_time_formatted":"00:27:04","pace_in_seconds":324.8,"pace":"5:25","pace_unit":"/km","elevation":0,"elevation_unit":"m","cadence":"","suffer_score":"","gear_name":"Fila Facilitator","average_heartrate":-1,"average_hr_zone":"na","max_heartrate":-1,"max_hr_zone":"na"},{"is_imperial_unit":false,"best_effort_type_id":9,"best_effort_type":"5k","elapsed_time":1730,"activity_id":690185709,"activity_name":"Cutts and Delaware loop run on a rainy night","start_date":"2014-04-14","workout_type_name":"run","elapsed_time_formatted":"00:28:50","pace_in_seconds":346.0,"pace":"5:46","pace_unit":"/km","elevation":0,"elevation_unit":"m","cadence":"","suffer_score":"","gear_name":"Fila Facilitator","average_heartrate":-1,"average_hr_zone":"na","max_heartrate":-1,"max_hr_zone":"na"},{"is_imperial_unit":false,"best_effort_type_id":9,"best_effort_type":"5k","elapsed_time":1776,"activity_id":690184462,"activity_name":"5km under 30 minutes is ordinary now","start_date":"2014-03-19","workout_type_name":"run","elapsed_time_formatted":"00:29:36","pace_in_seconds":355.2,"pace":"5:56","pace_unit":"/km","elevation":0,"elevation_unit":"m","cadence":"","suffer_score":"","gear_name":"Fila Facilitator","average_heartrate":-1,"average_hr_zone":"na","max_heartrate":-1,"max_hr_zone":"na"},{"is_imperial_unit":false,"best_effort_type_id":9,"best_effort_type":"5k","elapsed_time":1780,"activity_id":690184071,"activity_name":"Another 5km under 30 minutes","start_date":"2014-03-11","workout_type_name":"run","elapsed_time_formatted":"00:29:40","pace_in_seconds":356.0,"pace":"5:56","pace_unit":"/km","elevation":0,"elevation_unit":"m","cadence":"","suffer_score":"","gear_name":"Fila Facilitator","average_heartrate":-1,"average_hr_zone":"na","max_heartrate":-1,"max_hr_zone":"na"},{"is_imperial_unit":false,"best_effort_type_id":9,"best_effort_type":"5k","elapsed_time":1789,"activity_id":690183592,"activity_name":"First 5k under 30 minutes","start_date":"2014-03-06","workout_type_name":"run","elapsed_time_formatted":"00:29:49","pace_in_seconds":357.79999999999995,"pace":"5:58","pace_unit":"/km","elevation":11,"elevation_unit":"m","cadence":"","suffer_score":"","gear_name":"Fila Facilitator","average_heartrate":-1,"average_hr_zone":"na","max_heartrate":-1,"max_hr_zone":"na"}]