{"Half Marathon":[{"is_imperial_unit":false,"best_effort_type_id":3,"best_effort_type":"Half Marathon","elapsed_time":6183,"activity_id":690211873,"activity_name":"Queenstown Marathon 2015","start_date":"2015-11-21","workout_type_name":"race","elapsed_time_formatted":"01:43:03","pace_in_seconds":293.0748447646585,"pace":"4:54","pace_unit":"/km","elevation":206,"elevation_unit":"m","cadence":174,"suffer_score":"","gear_name":"ASICS DS Trainer 19 (Blue)","average_heartrate":167,"average_hr_zone":"3","max_heartrate":184,"max_hr_zone":"5"},{"is_imperial_unit":false,"best_effort_type_id":3,"best_effort_type":"Half Marathon","elapsed_time":6918,"activity_id":690200263,"activity_name":"Second Half Marathon Done","start_date":"2015-05-17","workout_type_name":"long run","elapsed_time_formatted":"01:55:18","pace_in_seconds":327.9139214106271,"pace":"5:28","pace_unit":"/km","elevation":56,"elevation_unit":"m","cadence":"","suffer_score":"","gear_name":"ASICS GT-2000 2","average_heartrate":-1,"average_hr_zone":"na","max_heartrate":-1,"max_hr_zone":"na"}],"10k":[{"is_imperial_unit":false,"best_effort_type_id":8,"best_effort_type":"10k","elapsed_time":2694,"activity_id":690213152,"activity_name":"Sri Chinmoy 2015 - 10km Christmas Dash","start_date":"2015-12-13","workout_type_name":"race","elapsed_time_formatted":"00:44:54","pace_in_seconds":269.4,"pace":"4:30","pace_unit":"/km","elevation":44,"elevation_unit":"m","cadence":177,"suffer_score":"","gear_name":"ASICS DS Racer 9","average_heartrate":173,"average_hr_zone":"4","max_heartrate":180,"max_hr_zone":"4"},{"is_imperial_unit":false,"best_effort_type_id":8,"best_effort_type":"10k","elapsed_time":2715,"activity_id":690208774,"activity_name":"RaceTeam Week #2 - Track Session","start_date":"2015-09-22","workout_type_name":"workout","elapsed_time_formatted":"00:45:15","pace_in_seconds":271.5,"pace":"4:32","pace_unit":"/km","elevation":0,"elevation_unit":"m","cadence":180,"suffer_score":"","gear_name":"ASICS DS Trainer 19 (Blue)","average_heartrate":160,"average_hr_zone":"2","max_heartrate":172,"max_hr_zone":"4"},{"is_imperial_unit":false,"best_effort_type_id":8,"best_effort_type":"10k","elapsed_time":2721,"activity_id":690208078,"activity_name":"North Shore Marathon 2015","start_date":"2015-09-06","workout_type_name":"race","elapsed_time_formatted":"00:45:21","pace_in_seconds":272.1,"pace":"4:33","pace_unit":"/km","elevation":63,"elevation_unit":"m","cadence":180,"suffer_score":"","gear_name":"ASICS DS Racer 9","average_heartrate":170,"average_hr_zone":"3","max_heartrate":179,"max_hr_zone":"4"},{"is_imperial_unit":false,"best_effort_type_id":8,"best_effort_type":"10k","elapsed_time":2902,"activity_id":690190153,"activity_name":"Christchurch Marathon 2014","start_date":"2014-06-01","workout_type_name":"race","elapsed_time_formatted":"00:48:22","pace_in_seconds":290.2,"pace":"4:51","pace_unit":"/km","elevation":13,"elevation_unit":"m","cadence":"","suffer_score":"","gear_name":"Fila Facilitator","average_heartrate":-1,"average_hr_zone":"na","max_heartrate":-1,"max_hr_zone":"na"},{"is_imperial_unit":false,"best_effort_type_id":8,"best_effort_type":"10k","elapsed_time":3150,"activity_id":690189445,"activity_name":"10km run 10 days prior to Christchurch Marathon","start_date":"2014-05-21","workout_type_name":"long run","elapsed_time_formatted":"00:52:30","pace_in_seconds":315.0,"pace":"5:15","pace_unit":"/km","elevation":24,"elevation_unit":"m","cadence":"","suffer_score":"","gear_name":"Fila Facilitator","average_heartrate":-1,"average_hr_zone":"na","max_heartrate":-1,"max_hr_zone":"na"}],"5k":[{"is_imperial_unit":false,"best_effort_type_id":9,"best_effort_type":"5k","elapsed_time":1286,"activity_id":690213152,"activity_name":"Sri Chinmoy 2015 - 10km Christmas Dash","start_date":"2015-12-13","workout_type_name":"race","elapsed_time_formatted":"00:21:26","pace_in_seconds":257.2,"pace":"4:18","pace_unit":"/km","elevation":44,"elevation_unit":"m","cadence":177,"suffer_score":"","gear_name":"ASICS DS Racer 9","average_heartrate":173,"average_hr_zone":"4","max_heartrate":180,"max_hr_zone":"4"},{"is_imperial_unit":false,"best_effort_type_id":9,"best_effort_type":"5k","elapsed_time":1289,"activity_id":690201353,"activity_name":"Christchurch Marathon 2015","start_date":"2015-05-31","workout_type_name":"race","elapsed_time_formatted":"00:21:29","pace_in_seconds":257.8,"pace":"4:18","pace_unit":"/km","elevation":28,"elevation_unit":"m","cadence":"","suffer_score":"","gear_name":"ASICS DS Racer 9","average_heartrate":170,"average_hr_zone":"3","max_heartrate":181,"max_hr_zone":"4"},{"is_imperial_unit":false,"best_effort_type_id":9,"best_effort_type":"5k","elapsed_time":1339,"activity_id":690197197,"activity_name":"First run back in Wuhan, China","start_date":"2015-02-12","workout_type_name":"run","elapsed_time_formatted":"00:22:19","pace_in_seconds":267.8,"pace":"4:28","pace_unit":"/km","elevation":0,"elevation_unit":"m","cadence":"","suffer_score":"","gear_name":"ASICS GT-2000 2","average_heartrate":-1,"average_hr_zone":"na","max_heartrate":-1,"max_hr_zone":"na"},{"is_imperial_unit":false,"best_effort_type_id":9,"best_effort_type":"5k","elapsed_time":1421,"activity_id":690190153,"activity_name":"Christchurch Marathon 2014","start_date":"2014-06-01","workout_type_name":"race","elapsed_time_formatted":"00:23:41","pace_in_seconds":284.2,"pace":"4:45","pace_unit":"/km","elevation":13,"elevation_unit":"m","cadence":"","suffer_score":"","gear_name":"Fila Facilitator","average_heartrate":-1,"average_hr_zone":"na","max_heartrate":-1,"max_hr_zone":"na"},{"is_imperial_unit":false,"best_effort_type_id":9,"best_effort_type":"5k","elapsed_time":1489,"activity_id":690189445,"activity_name":"10km run 10 days prior to Christchurch Marathon","start_date":"2014-05-21","workout_type_name":"long run","elapsed_time_formatted":"00:24:49","pace_in_seconds":297.8,"pace":"4:58","pace_unit":"/km","elevation":24,"elevation_unit":"m","cadence":"","suffer_score":"","gear_name":"Fila Facilitator","average_heartrate":-1,"average_hr_zone":"na","max_heartrate":-1,"max_hr_zone":"na"}]}