[{"is_imperial_unit":false,"best_effort_type_id":11,"best_effort_type":"1 mile","elapsed_time":384,"activity_id":690213152,"activity_name":"Sri Chinmoy 2015 - 10km Christmas Dash","start_date":"2015-12-13","workout_type_name":"race","elapsed_time_formatted":"00:06:24","pace_in_seconds":238.65755127408326,"pace":"3:59","pace_unit":"/km","elevation":44,"elevation_unit":"m","cadence":177,"suffer_score":"","gear_name":"ASICS DS Racer 9","average_heartrate":173,"average_hr_zone":"4","max_heartrate":180,"max_hr_zone":"4"},{"is_imperial_unit":false,"best_effort_type_id":10,"best_effort_type":"2 mile","elapsed_time":805,"activity_id":690213152,"activity_name":"Sri Chinmoy 2015 - 10km Christmas Dash","start_date":"2015-12-13","workout_type_name":"race","elapsed_time_formatted":"00:13:25","pace_in_seconds":250.0776638707673,"pace":"4:11","pace_unit":"/km","elevation":44,"elevation_unit":"m","cadence":177,"suffer_score":"","gear_name":"ASICS DS Racer 9","average_heartrate":173,"average_hr_zone":"4","max_heartrate":180,"max_hr_zone":"4"},{"is_imperial_unit":false,"best_effort_type_id":9,"best_effort_type":"5k","elapsed_time":1286,"activity_id":690213152,"activity_name":"Sri Chinmoy 2015 - 10km Christmas Dash","start_date":"2015-12-13","workout_type_name":"race","elapsed_time_formatted":"00:21:26","pace_in_seconds":257.2,"pace":"4:18","pace_unit":"/km","elevation":44,"elevation_unit":"m","cadence":177,"suffer_score":"","gear_name":"ASICS DS Racer 9","average_heartrate":173,"average_hr_zone":"4","max_heartrate":180,"max_hr_zone":"4"},{"is_imperial_unit":false,"best_effort_type_id":8,"best_effort_type":"10k","elapsed_time":2694,"activity_id":690213152,"activity_name":"Sri Chinmoy 2015 - 10km Christmas Dash","start_date":"2015-12-13","workout_type_name":"race","elapsed_time_formatted":"00:44:54","pace_in_seconds":269.4,"pace":"4:30","pace_unit":"/km","elevation":44,"elevation_unit":"m","cadence":177,"suffer_score":"","gear_name":"ASICS DS Racer 9","average_heartrate":173,"average_hr_zone":"4","max_heartrate":180,"max_hr_zone":"4"},{"is_imperial_unit":false,"best_effort_type_id":7,"best_effort_type":"15k","elapsed_time":4302,"activity_id":690211873,"activity_name":"Queenstown Marathon 2015","start_date":"2015-11-21","workout_type_name":"race","elapsed_time_formatted":"01:11:42","pace_in_seconds":286.8,"pace":"4:47","pace_unit":"/km","elevation":206,"elevation_unit":"m","cadence":174,"suffer_score":"","gear_name":"ASICS DS Trainer 19 (Blue)","average_heartrate":167,"average_hr_zone":"3","max_heartrate":184,"max_hr_zone":"5"},{"is_imperial_unit":false,"best_effort_type_id":6,"best_effort_type":"10 mile","elapsed_time":4641,"activity_id":690211873,"activity_name":"Queenstown Marathon 2015","start_date":"2015-11-21","workout_type_name":"race","elapsed_time_formatted":"01:17:21","pace_in_seconds":288.4400248601616,"pace":"4:49","pace_unit":"/km","elevation":206,"elevation_unit":"m","cadence":174,"suffer_score":"","gear_name":"ASICS DS Trainer 19 (Blue)","average_heartrate":167,"average_hr_zone":"3","max_heartrate":184,"max_hr_zone":"5"},{"is_imperial_unit":false,"best_effort_type_id":5,"best_effort_type":"20k","elapsed_time":5860,"activity_id":690211873,"activity_name":"Queenstown Marathon 2015","start_date":"2015-11-21","workout_type_name":"race","elapsed_time_formatted":"01:37:40","pace_in_seconds":293.0,"pace":"4:53","pace_unit":"/km","elevation":206,"elevation_unit":"m","cadence":174,"suffer_score":"","gear_name":"ASICS DS Trainer 19 (Blue)","average_heartrate":167,"average_hr_zone":"3","max_heartrate":184,"max_hr_zone":"5"},{"is_imperial_unit":false,"best_effort_type_id":3,"best_effort_type":"Half Marathon","elapsed_time":6183,"activity_id":690211873,"activity_name":"Queenstown Marathon 2015","start_date":"2015-11-21","workout_type_name":"race","elapsed_time_formatted":"01:43:03","pace_in_seconds":293.0748447646585,"pace":"4:54","pace_unit":"/km","elevation":206,"elevation_unit":"m","cadence":174,"suffer_score":"","gear_name":"ASICS DS Trainer 19 (Blue)","average_heartrate":167,"average_hr_zone":"3","max_heartrate":184,"max_hr_zone":"5"},{"is_imperial_unit":false,"best_effort_type_id":11,"best_effort_type":"1 mile","elapsed_time":385,"activity_id":690210467,"activity_name":"RaceTeam Week #6 - 5km Time Trial","start_date":"2015-10-20","workout_type_name":"race","elapsed_time_formatted":"00:06:25","pace_in_seconds":239.27905531385954,"pace":"4:00","pace_unit":"/km","elevation":12,"elevation_unit":"m","cadence":176,"suffer_score":"","gear_name":"ASICS DS Trainer 19 (Blue)","average_heartrate":178,"average_hr_zone":"4","max_heartrate":186,"max_hr_zone":"5"},{"is_imperial_unit":false,"best_effort_type_id":7,"best_effort_type":"15k","elapsed_time":4372,"activity_id":690210040,"activity_name":"RaceTeam Week #4 - McCormacks Bay Reserve","start_date":"2015-10-10","workout_type_name":"long run","elapsed_time_formatted":"01:12:52","pace_in_seconds":291.4666666666667,"pace":"4:52","pace_unit":"/km","elevation":281,"elevation_unit":"m","cadence":176,"suffer_score":"","gear_name":"ASICS GT-2000 3 Lite-Show","average_heartrate":159,"average_hr_zone":"2","max_heartrate":170,"max_hr_zone":"3"},{"is_imperial_unit":false,"best_effort_type_id":6,"best_effort_type":"10 mile","elapsed_time":4706,"activity_id":690210040,"activity_name":"RaceTeam Week #4 - McCormacks Bay Reserve","start_date":"2015-10-10","workout_type_name":"long run","elapsed_time_formatted":"01:18:26","pace_in_seconds":292.47980111870726,"pace":"4:53","pace_unit":"/km","elevation":281,"elevation_unit":"m","cadence":176,"suffer_score":"","gear_name":"ASICS GT-2000 3 Lite-Show","average_heartrate":159,"average_hr_zone":"2","max_heartrate":170,"max_hr_zone":"3"},{"is_imperial_unit":false,"best_effort_type_id":7,"best_effort_type":"15k","elapsed_time":4874,"activity_id":690209577,"activity_name":"RaceTeam Week #3 - Harry Ell \u0026 Summit Road","start_date":"2015-10-03","workout_type_name":"long run","elapsed_time_formatted":"01:21:14","pace_in_seconds":324.93333333333334,"pace":"5:25","pace_unit":"/km","elevation":668,"elevation_unit":"m","cadence":172,"suffer_score":"","gear_name":"ASICS GT-2000 3 Lite-Show","average_heartrate":153,"average_hr_zone":"2","max_heartrate":167,"max_hr_zone":"3"},{"is_imperial_unit":false,"best_effort_type_id":11,"best_effort_type":"1 mile","elapsed_time":386,"activity_id":690208774,"activity_name":"RaceTeam Week #2 - Track Session","start_date":"2015-09-22","workout_type_name":"workout","elapsed_time_formatted":"00:06:26","pace_in_seconds":239.90055935363583,"pace":"4:00","pace_unit":"/km","elevation":0,"elevation_unit":"m","cadence":180,"suffer_score":"","gear_name":"ASICS DS Trainer 19 (Blue)","average_heartrate":160,"average_hr_zone":"2","max_heartrate":172,"max_hr_zone":"4"},{"is_imperial_unit":false,"best_effort_type_id":10,"best_effort_type":"2 mile","elapsed_time":812,"activity_id":690208774,"activity_name":"RaceTeam Week #2 - Track Session","start_date":"2015-09-22","workout_type_name":"workout","elapsed_time_formatted":"00:13:32","pace_in_seconds":252.25225225225225,"pace":"4:13","pace_unit":"/km","elevation":0,"elevation_unit":"m","cadence":180,"suffer_score":"","gear_name":"ASICS DS Trainer 19 (Blue)","average_heartrate":160,"average_hr_zone":"2","max_heartrate":172,"max_hr_zone":"4"},{"is_imperial_unit":false,"best_effort_type_id":8,"best_effort_type":"10k","elapsed_time":2715,"activity_id":690208774,"activity_name":"RaceTeam Week #2 - Track Session","start_date":"2015-09-22","workout_type_name":"workout","elapsed_time_formatted":"00:45:15","pace_in_seconds":271.5,"pace":"4:32","pace_unit":"/km","elevation":0,"elevation_unit":"m","cadence":180,"suffer_score":"","gear_name":"ASICS DS Trainer 19 (Blue)","average_heartrate":160,"average_hr_zone":"2","max_heartrate":172,"max_hr_zone":"4"},{"is_imperial_unit":false,"best_effort_type_id":8,"best_effort_type":"10k","elapsed_time":2721,"activity_id":690208078,"activity_name":"North Shore Marathon 2015","start_date":"2015-09-06","workout_type_name":"race","elapsed_time_formatted":"00:45:21","pace_in_seconds":272.1,"pace":"4:33","pace_unit":"/km","elevation":63,"elevation_unit":"m","cadence":180,"suffer_score":"","gear_name":"ASICS DS Racer 9","average_heartrate":170,"average_hr_zone":"3","max_heartrate":179,"max_hr_zone":"4"},{"is_imperial_unit":false,"best_effort_type_id":14,"best_effort_type":"400m","elapsed_time":83,"activity_id":690207717,"activity_name":"Run down Rapaki with Zoe after hill repeats","start_date":"2015-08-29","workout_type_name":"workout","elapsed_time_formatted":"00:01:23","pace_in_seconds":207.49999999999997,"pace":"3:28","pace_unit":"/km","elevation":523,"elevation_unit":"m","cadence":165,"suffer_score":"","gear_name":"ASICS DS Trainer 19 (Blue)","average_heartrate":159,"average_hr_zone":"2","max_heartrate":177,"max_hr_zone":"4"},{"is_imperial_unit":false,"best_effort_type_id":13,"best_effort_type":"1/2 mile","elapsed_time":175,"activity_id":690207717,"activity_name":"Run down Rapaki with Zoe after hill repeats","start_date":"2015-08-29","workout_type_name":"workout","elapsed_time_formatted":"00:02:55","pace_in_seconds":217.3913043478261,"pace":"3:38","pace_unit":"/km","elevation":523,"elevation_unit":"m","cadence":165,"suffer_score":"","gear_name":"ASICS DS Trainer 19 (Blue)","average_heartrate":159,"average_hr_zone":"2","max_heartrate":177,"max_hr_zone":"4"},{"is_imperial_unit":false,"best_effort_type_id":12,"best_effort_type":"1k","elapsed_time":222,"activity_id":690207717,"activity_name":"Run down Rapaki with Zoe after hill repeats","start_date":"2015-08-29","workout_type_name":"workout","elapsed_time_formatted":"00:03:42","pace_in_seconds":222.0,"pace":"3:42","pace_unit":"/km","elevation":523,"elevation_unit":"m","cadence":165,"suffer_score":"","gear_name":"ASICS DS Trainer 19 (Blue)","average_heartrate":159,"average_hr_zone":"2","max_heartrate":177,"max_hr_zone":"4"},{"is_imperial_unit":false,"best_effort_type_id":14,"best_effort_type":"400m","elapsed_time":83,"activity_id":690206108,"activity_name":"Sri Chinmoy 2015 - Sumner Esplanade 5km #3","start_date":"2015-07-26","workout_type_name":"race","elapsed_time_formatted":"00:01:23","pace_in_seconds":207.49999999999997,"pace":"3:28","pace_unit":"/km","elevation":45,"elevation_unit":"m","cadence":175,"suffer_score":"","gear_name":"ASICS DS Racer 9","average_heartrate":172,"average_hr_zone":"4","max_heartrate":178,"max_hr_zone":"4"}]