[{"id":1,"name":"50k","created_at":"2018-12-31T14:16:38.848Z","updated_at":"2018-12-31T14:16:38.848Z"},{"id":2,"name":"Marathon","created_at":"2018-12-31T14:16:38.905Z","updated_at":"2018-12-31T14:16:38.905Z"},{"id":3,"name":"Half Marathon","created_at":"2018-12-31T14:16:38.918Z","updated_at":"2018-12-31T14:16:38.918Z"},{"id":4,"name":"30k","created_at":"2018-12-31T14:16:38.933Z","updated_at":"2018-12-31T14:16:38.933Z"},{"id":5,"name":"20k","created_at":"2018-12-31T14:16:38.951Z","updated_at":"2018-12-31T14:16:38.951Z"},{"id":6,"name":"10 mile","created_at":"2018-12-31T14:16:38.977Z","updated_at":"2018-12-31T14:16:38.977Z"},{"id":7,"name":"15k","created_at":"2018-12-31T14:16:39.005Z","updated_at":"2018-12-31T14:16:39.005Z"},{"id":8,"name":"10k","created_at":"2018-12-31T14:16:39.025Z","updated_at":"2018-12-31T14:16:39.025Z"},{"id":9,"name":"5k","created_at":"2018-12-31T14:16:39.044Z","updated_at":"2018-12-31T14:16:39.044Z"},{"id":10,"name":"2 mile","created_at":"2018-12-31T14:16:39.069Z","updated_at":"2018-12-31T14:16:39.069Z"},{"id":11,"name":"1 mile","created_at":"2018-12-31T14:16:39.101Z","updated_at":"2018-12-31T14:16:39.101Z"},{"id":12,"name":"1k","created_at":"2018-12-31T14:16:39.138Z","updated_at":"2018-12-31T14:16:39.138Z"},{"id":13,"name":"1/2 mile","created_at":"2018-12-31T14:16:39.184Z","updated_at":"2018-12-31T14:16:39.184Z"},{"id":14,"name":"400m","created_at":"2018-12-31T14:16:39.210Z","updated_at":"2018-12-31T14:16:39.210Z"}]