[{"id":1,"name":"account","created_at":"2018-12-31T14:16:39.815Z","updated_at":"2018-12-31T14:16:39.815Z"},{"id":2,"name":"best-efforts","created_at":"2018-12-31T14:16:39.833Z","updated_at":"2018-12-31T14:16:39.833Z"},{"id":3,"name":"personal-bests","created_at":"2018-12-31T14:16:39.853Z","updated_at":"2018-12-31T14:16:39.853Z"},{"id":4,"name":"races","created_at":"2018-12-31T14:16:39.870Z","updated_at":"2018-12-31T14:16:39.870Z"},{"id":5,"name":"miscellaneous","created_at":"2018-12-31T14:16:39.889Z","updated_at":"2018-12-31T14:16:39.889Z"},{"id":6,"name":"support","created_at":"2018-12-31T14:16:39.906Z","updated_at":"2018-12-31T14:16:39.906Z"}]