[{"id":1,"faq_category_id":1,"title":"Does Strafforts need/store my Strava password?","content":"\u003cp\u003eNo, Strafforts connects to your Strava account via Strava's \u003ca href='https://strava.github.io/api/v3/oauth/' target='_blank'\u003eauthentication API\u003c/a\u003e.\u003c/p\u003e\u003cp\u003eIt means all you need to do is to login to your Strava account then connect Strafforts with Strava and no sensitive information will be stored on Strafforts server at all.\u003c/p\u003e","created_at":"2018-12-31T14:16:40.053Z","updated_at":"2018-12-31T14:16:40.053Z"},{"id":2,"faq_category_id":1,"title":"Does Strafforts store my credit card information?","content":"\u003cp\u003eNo. Strafforts utilizes online payment provider \u003ca href='https://stripe.com' target='_blank'\u003eStripe\u003c/a\u003e to charge PRO subscriptions fees with PCI compliance being taken care of.\u003c/p\u003e\u003cp\u003eAll transactions are done through the client browser and payment provider Stripe. No sensitive information shall be passed to or stored on Strafforts servers.\u003c/p\u003e","created_at":"2018-12-31T14:16:40.076Z","updated_at":"2018-12-31T14:16:40.076Z"},{"id":3,"faq_category_id":1,"title":"Is it possible to remove all my data on Strafforts?","content":"\u003cp\u003eYes, abusolutely. First make sure you have connected and logged into Strafforts, then go to your 'Settings' sidebar by clicking \u003ccode\u003e\u003ci class='fa fa-gears'\u003e\u003c/i\u003e\u003c/code\u003e at top right corner of the app, and choosing \u003ccode\u003e\u003ci class='fa fa-wrench'\u003e\u003c/i\u003e\u003c/code\u003e tab, then click 'Delete' button to remove yourself from Strafforts server.\u003c/p\u003e\u003cp\u003eIf you've changed your mind, you can re-connect to give Strafforts permission to retrieve your Strava data again. However, since all data has been deleted on our server, it might take a while to retrieve everything again.\u003c/p\u003e\u003cp\u003e\u003cb\u003eNote:\u003c/b\u003e If you are currently on a PRO plan, the PRO subscription will be gone too.\u003c/p\u003e","created_at":"2018-12-31T14:16:40.094Z","updated_at":"2018-12-31T14:16:40.094Z"},{"id":4,"faq_category_id":1,"title":"Does Strafforts share my data to any third parties?","content":"\u003cp\u003eNot at all! Strafforts only gets your Strava data with your permission and displays to you via tables and charts for analysis.\u003c/p\u003e","created_at":"2018-12-31T14:16:40.111Z","updated_at":"2018-12-31T14:16:40.111Z"},{"id":5,"faq_category_id":2,"title":"How is \"Best Efforts\" different from \"Personal Bests\"?","content":"\u003cp\u003eAs the names suggest, 'Personal bests' on Strafforts are PBs/PRs, more specifically, they are those gold best estimated efforts trophies on Strava running activities, while 'Best Efforts' are not neccessarily PBs/PRs, but your top 100 best bests of each distance.\u003c/p\u003e\u003cp\u003eFor example, if your current 5k PB is 17:00, and you ran 17:10 today, 17:10 is not your PB/PR and won't show up in 'Personal Bests' view, but mostly likely to be included in 'Best Efforts' (if 17:10 is within top 100 of all your 5k efforts).\u003c/p\u003e","created_at":"2018-12-31T14:16:40.127Z","updated_at":"2018-12-31T14:16:40.127Z"},{"id":6,"faq_category_id":3,"title":"Why can't I find some of my personal bests?","content":"\u003cp\u003ePersonal bests on Strafforts are just those gold best estimated efforts trophies on Strava running activities.\u003c/p\u003e\u003cp\u003eFirst please check if the best effort you are looking for do exist on the corresponding Strava activity. If it does exist on Strava, but not Strafforts, please contact me (See 'How to contact Strafforts support?' section).\u003c/p\u003e\u003cp\u003eIf it doesn't exist on Strava either, please submit a request at Strava's support site \u003ca href='https://support.strava.com/hc/en-us/requests/new' target='_blank'\u003ehere\u003c/a\u003e.\u003c/p\u003e\u003cp\u003e\u003cb\u003eNote:\u003c/b\u003e Strava's best effort only starts counting from the 2nd best effort of such distance. See \u003ca href='https://support.strava.com/hc/en-us/articles/216917137-Achievement-Awards-Glossary'\u003e Achievement Awards Glossary\u003c/a\u003e for more details.\u003c/p\u003e","created_at":"2018-12-31T14:16:40.149Z","updated_at":"2018-12-31T14:16:40.149Z"},{"id":7,"faq_category_id":3,"title":"Why there are some outliers in my PB progression chart?","content":"\u003cp\u003eAll PBs/PRs here in Strafforts are just those gold best estimated efforts trophies on Strava running activities.\u003c/p\u003e\u003cp\u003eSometimes PBs/PRs on Strava can be generated unpredictably and unreliably.\u003c/p\u003e\u003cp\u003eIf you notice some messed up PBs/PRs within Strafforts, you can try go to those activities on Strava and try '\u003ca href='https://support.strava.com/hc/en-us/articles/216919597-The-Refresh-My-Achievements-Tool-' target='_blank'\u003eRefresh Activity Achievements\u003c/a\u003e', or '\u003ca href='https://support.strava.com/hc/en-us/requests/new' target='_blank'\u003eSubmit a request\u003c/a\u003e' on Strava support site regarding your wrong Strava best efforts data.\u003c/p\u003e\u003cp\u003eThen reset your last retrieved activity here in your setting to trigger a complete re-fetch of your activities.\u003c/p\u003e","created_at":"2018-12-31T14:16:40.168Z","updated_at":"2018-12-31T14:16:40.168Z"},{"id":8,"faq_category_id":3,"title":"Why my activity is shown under another distance?","content":"\u003cp\u003eStrafforts' personal bests are just visual representations of those Strava gold best estimated efforts trophies.\u003c/p\u003e\u003cp\u003eIf you made a best 20k effort within a full marathon activity, there will be a gold 20k trophy on this activity on Strava, therefore Strafforts will pick it up and display it as well.\u003c/p\u003e\u003cp\u003eThis means one activity may have multiple personal bests over different distances, therefore this activity may be shown under different distances in Strafforts.\u003c/p\u003e","created_at":"2018-12-31T14:16:40.188Z","updated_at":"2018-12-31T14:16:40.188Z"},{"id":9,"faq_category_id":3,"title":"How to recalculate all best estimated efforts on Strava?","content":"\u003cp\u003eThe quick answer is - no, you can't.\u003c/p\u003e\u003cp\u003eSometimes an activity was uploaded as wrong activity type, which was so fast that created few 1st best efforts trophies. Then the athlete realized it and changed the activity to something else. But those 1st best efforts trophies would remain there. All subsequent best efforts can only be '2nd best efforts'.\u003c/p\u003e\u003cp\u003eIn order to solve this problem, Strava provides '\u003ca href='https://support.strava.com/hc/en-us/articles/216919597-The-Refresh-My-Achievements-Tool-' target='_blank'\u003eRefresh Activity Achievements\u003c/a\u003e' tool in the UI, which allows users to recalculate the best efforts.\u003c/p\u003e\u003cp\u003eHowever, the way it was designed is to recalculate best efforts for only this particular activity based on all activities at the time when this action was taken. It won't recalculate all best efforts on all activities in a timely fashion. This means if the athlete realized the situation too late, that there have 2nd best efforts, 3rd best efforts in other activities uploaded after this activity, refreshing the achievements will result in nothing. Because at the refreshing process, Strava will treat the later activities as 1st, 2nd and so on. But since you are not refreshing those activities, best efforts on those activities won't be updated.\u003c/p\u003e\u003cp\u003eSay for example,\u003c/p\u003e\u003cul\u003e\u003cli\u003eActivity ID 11111: 5k 10 minutes, 1st best efforts for 5k\u003c/li\u003e\u003cli\u003eActivity ID 22222: 5k 25 minutes, 2nd best efforts for 5k\u003c/li\u003e\u003cli\u003eActivity ID 33333: 5k 21 minutes, 2nd best efforts for 5k\u003c/li\u003e\u003cli\u003eActivity ID 44444: 5k 23 minutes, 3rd best efforts for 5k\u003c/li\u003e\u003c/ul\u003e\u003cp\u003eThen activity 11111 was refreshed due to wrong activity type, so there will be no more '1st best efforts' for 5k on this activity. All other activities will remain the same too, which means there is no more '1st best efforts' on any activities. If you refresh the achievements of 22222 now, it will become '3rd best efforts for 5k'. Because Strava recalculates achievements based on all existing activities as of the time refreshing is done, 25 minutes is only the '3rd best efforts for 5k' now. So the athlete would never get '1st best efforts' back.\u003c/p\u003e","created_at":"2018-12-31T14:16:40.210Z","updated_at":"2018-12-31T14:16:40.210Z"},{"id":10,"faq_category_id":4,"title":"What are \"Races\" and how to create them?","content":"\u003cp\u003eStrava offers four different sub-categories within the Running activity type to allow for more detailed and focused analysis of your training. Those four tags are Run, Race, Long Run, and Workout.\u003c/p\u003e\u003cp\u003eActivties that are tagged as \u003ccode\u003eRace\u003c/code\u003e will be fetched and analyzed by Strafforts, then displayed within distance or year view, as well as timeline view.\u003c/p\u003e\u003cp\u003e\u003cimg src='/screenshots/doc-tag-run-as-race.png' style='width:85%;'\u003e\u003c/p\u003e\u003cp\u003eFor more details, see \u003ca href='https://support.strava.com/hc/en-us/articles/216919557-Using-Strava-Run-Type-Tags-to-analyze-your-Runs' target='_blank'\u003eWhat are Strava races and how to create them?\u003c/a\u003e on Strava support forum.\u003c/p\u003e","created_at":"2018-12-31T14:16:40.235Z","updated_at":"2018-12-31T14:16:40.235Z"},{"id":11,"faq_category_id":4,"title":"How race distances are determined?","content":"\u003cp\u003eRace distance is determined by the actual distance of a Strava activity. If it's within 2.5% under or 5% over margin of a pre-defined distance (10k for example), Strafforts will treat it as a 10k race.\u003c/p\u003e\u003cp\u003eIf the actual distance of your 10k race is 9.7km or 10.5km, then Strafforts will put this activity under distance of 'Other Distances'.\u003c/p\u003e","created_at":"2018-12-31T14:16:40.250Z","updated_at":"2018-12-31T14:16:40.250Z"},{"id":12,"faq_category_id":4,"title":"Why my race is categorized as \"Other Distances\"?","content":"\u003cp\u003eSame as above. Race distance is determined by the actual distance of a Strava activity. If it's within 2.5% under or 5% over margin of a pre-defined distance (10k for example), Strafforts will treat it as a 10k race.\u003c/p\u003e\u003cp\u003eIf the actual distance of your 10k race is 9.7km or 10.5km, then Strafforts will put this activity under distance of 'Other Distances'.\u003c/p\u003e","created_at":"2018-12-31T14:16:40.270Z","updated_at":"2018-12-31T14:16:40.270Z"},{"id":13,"faq_category_id":5,"title":"What technologies are used in Strafforts?","content":"\u003cp\u003eSee \u003ca href='https://github.com/yizeng/strafforts/blob/master/docs/acknowledgements.md' target='_blank'\u003eAcknowledgements page\u003c/a\u003e for a comprehensive list.\u003c/p\u003e","created_at":"2018-12-31T14:16:40.288Z","updated_at":"2018-12-31T14:16:40.288Z"},{"id":14,"faq_category_id":5,"title":"How to contribute to Strafforts?","content":"\u003cp\u003eStrafforts is an open source project licensed under \u003ca href='https://github.com/yizeng/strafforts/blob/master/LICENSE' target='_blank'\u003eAGPLv 3\u003c/a\u003e and hosted on \u003ca href='https://github.com/yizeng/strafforts/' target='_blank'\u003eGitHub\u003c/a\u003e.\u003c/p\u003e\u003cp\u003eIf you ever want to spin up your own fork or re-use any of the Strafforts components, your app must use the same license and open source.\u003c/p\u003e\u003cp\u003eYou can \u003ca href='https://github.com/yizeng/strafforts/issues' target='_blank'\u003eraise issues\u003c/a\u003e, \u003ca href='https://github.com/yizeng/strafforts/pulls' target='_blank'\u003eprovide PRs\u003c/a\u003e.\u003c/p\u003e","created_at":"2018-12-31T14:16:40.303Z","updated_at":"2018-12-31T14:16:40.303Z"},{"id":15,"faq_category_id":5,"title":"Where was the homepage background photo taken?","content":"\u003cp\u003eThe photo was taken in Listbon, Portugal, and the bridge in the background is the \u003ca href='https://en.wikipedia.org/wiki/25_de_Abril_Bridge' target='_blank'\u003e25 de Abril Bridge\u003c/a\u003e.\u003c/p\u003e\u003cp\u003eIt was the period I started this project while travelling in Europe, where I did Lisbon Rock'n'Roll half marathon.\u003c/p\u003e","created_at":"2018-12-31T14:16:40.320Z","updated_at":"2018-12-31T14:16:40.320Z"},{"id":16,"faq_category_id":6,"title":"How to contact Strava support?","content":"You can submit a request at Strava's support site \u003ca href='https://support.strava.com/hc/en-us/requests/new' target='_blank'\u003ehere\u003c/a\u003e.","created_at":"2018-12-31T14:16:40.340Z","updated_at":"2018-12-31T14:16:40.340Z"},{"id":17,"faq_category_id":6,"title":"How to contact Strafforts support?","content":"\u003cp\u003ePlease email us at \u003ca href='mailto:support@strafforts.com'\u003esupport@strafforts.com\u003c/a\u003e with your enquiries.\u003c/p\u003e\u003cp\u003eAlternatively, if you have a GitHub account, you can also raise an issue \u003ca href='https://github.com/yizeng/strafforts/issues' target='_blank'\u003ehere\u003c/a\u003e.\u003c/p\u003e","created_at":"2018-12-31T14:16:40.356Z","updated_at":"2018-12-31T14:16:40.356Z"}]