[{"id":0,"distance":0,"name":"Other Distances","created_at":"2018-12-31T14:16:39.282Z","updated_at":"2018-12-31T14:16:39.282Z"},{"id":1,"distance":1609,"name":"1 mile","created_at":"2018-12-31T14:16:39.306Z","updated_at":"2018-12-31T14:16:39.306Z"},{"id":2,"distance":3000,"name":"3000m","created_at":"2018-12-31T14:16:39.334Z","updated_at":"2018-12-31T14:16:39.334Z"},{"id":3,"distance":5000,"name":"5k","created_at":"2018-12-31T14:16:39.354Z","updated_at":"2018-12-31T14:16:39.354Z"},{"id":4,"distance":10000,"name":"10k","created_at":"2018-12-31T14:16:39.381Z","updated_at":"2018-12-31T14:16:39.381Z"},{"id":5,"distance":15000,"name":"15k","created_at":"2018-12-31T14:16:39.401Z","updated_at":"2018-12-31T14:16:39.401Z"},{"id":6,"distance":20000,"name":"20k","created_at":"2018-12-31T14:16:39.425Z","updated_at":"2018-12-31T14:16:39.425Z"},{"id":7,"distance":21097,"name":"Half Marathon","created_at":"2018-12-31T14:16:39.448Z","updated_at":"2018-12-31T14:16:39.448Z"},{"id":8,"distance":42195,"name":"Marathon","created_at":"2018-12-31T14:16:39.472Z","updated_at":"2018-12-31T14:16:39.472Z"},{"id":9,"distance":50000,"name":"50k","created_at":"2018-12-31T14:16:39.499Z","updated_at":"2018-12-31T14:16:39.499Z"},{"id":10,"distance":80467,"name":"50 miles","created_at":"2018-12-31T14:16:39.521Z","updated_at":"2018-12-31T14:16:39.521Z"},{"id":11,"distance":100000,"name":"100k","created_at":"2018-12-31T14:16:39.548Z","updated_at":"2018-12-31T14:16:39.548Z"},{"id":12,"distance":160934,"name":"100 miles","created_at":"2018-12-31T14:16:39.568Z","updated_at":"2018-12-31T14:16:39.568Z"}]