[{"id":0,"name":"run","created_at":"2018-12-31T14:16:38.699Z","updated_at":"2018-12-31T14:16:38.699Z"},{"id":1,"name":"race","created_at":"2018-12-31T14:16:38.725Z","updated_at":"2018-12-31T14:16:38.725Z"},{"id":2,"name":"long run","created_at":"2018-12-31T14:16:38.754Z","updated_at":"2018-12-31T14:16:38.754Z"},{"id":3,"name":"workout","created_at":"2018-12-31T14:16:38.781Z","updated_at":"2018-12-31T14:16:38.781Z"}]