{"athlete_info":{"has_pro_subscription":true},"best_efforts":[{"name":"Marathon","count":0,"is_major":true},{"name":"Half Marathon","count":1,"is_major":true},{"name":"10k","count":1,"is_major":true},{"name":"5k","count":1,"is_major":true},{"name":"50k","count":0,"is_major":false},{"name":"30k","count":0,"is_major":false},{"name":"20k","count":1,"is_major":false},{"name":"10 mile","count":1,"is_major":false},{"name":"15k","count":1,"is_major":false},{"name":"2 mile","count":1,"is_major":false},{"name":"1 mile","count":1,"is_major":false},{"name":"1k","count":1,"is_major":false},{"name":"1/2 mile","count":1,"is_major":false},{"name":"400m","count":1,"is_major":false}],"personal_bests":[{"name":"Marathon","count":0,"is_major":true},{"name":"Half Marathon","count":2,"is_major":true},{"name":"10k","count":6,"is_major":true},{"name":"5k","count":12,"is_major":true},{"name":"50k","count":0,"is_major":false},{"name":"30k","count":0,"is_major":false},{"name":"20k","count":2,"is_major":false},{"name":"10 mile","count":3,"is_major":false},{"name":"15k","count":4,"is_major":false},{"name":"2 mile","count":14,"is_major":false},{"name":"1 mile","count":17,"is_major":false},{"name":"1k","count":19,"is_major":false},{"name":"1/2 mile","count":18,"is_major":false},{"name":"400m","count":16,"is_major":false}],"races_by_distance":[{"name":"Marathon","count":0,"is_major":true},{"name":"Half Marathon","count":1,"is_major":true},{"name":"10k","count":6,"is_major":true},{"name":"5k","count":18,"is_major":true},{"name":"100 miles","count":0,"is_major":false},{"name":"100k","count":0,"is_major":false},{"name":"50 miles","count":0,"is_major":false},{"name":"50k","count":0,"is_major":false},{"name":"20k","count":0,"is_major":false},{"name":"15k","count":0,"is_major":false},{"name":"3000m","count":0,"is_major":false},{"name":"1 mile","count":0,"is_major":false},{"name":"Other Distances","count":2,"is_major":false}],"races_by_year":[{"name":"2016","count":6,"is_major":true},{"name":"2015","count":20,"is_major":true},{"name":"2014","count":1,"is_major":true}]}