[{"is_imperial_unit":false,"race_distance":"10k","elapsed_time":2937,"distance":10.0861,"distance_unit":"km","activity_id":690190153,"activity_name":"Christchurch Marathon 2014","start_date":"2014-06-01","workout_type_name":"race","elapsed_time_formatted":"00:48:57","pace_in_seconds":291.20559114735,"pace":"4:52","pace_unit":"/km","elevation":13,"elevation_unit":"m","cadence":"","suffer_score":"","gear_name":"Fila Facilitator","average_heartrate":-1,"average_hr_zone":"na","max_heartrate":-1,"max_hr_zone":"na"}]