[{"is_imperial_unit":false,"race_distance":"5k","elapsed_time":1269,"distance":4.8878,"distance_unit":"km","activity_id":690213876,"activity_name":"Hagley parkrun #64 - Christmas Special 2015","start_date":"2015-12-25","workout_type_name":"race","elapsed_time_formatted":"00:21:09","pace_in_seconds":259.60539979231567,"pace":"4:20","pace_unit":"/km","elevation":42,"elevation_unit":"m","cadence":180,"suffer_score":"","gear_name":"ASICS Noosa Tri 10 (Orange)","average_heartrate":169,"average_hr_zone":"3","max_heartrate":179,"max_hr_zone":"4"},{"is_imperial_unit":false,"race_distance":"10k","elapsed_time":2699,"distance":10.0108,"distance_unit":"km","activity_id":690213152,"activity_name":"Sri Chinmoy 2015 - 10km Christmas Dash","start_date":"2015-12-13","workout_type_name":"race","elapsed_time_formatted":"00:44:59","pace_in_seconds":269.61445133459154,"pace":"4:30","pace_unit":"/km","elevation":44,"elevation_unit":"m","cadence":177,"suffer_score":"","gear_name":"ASICS DS Racer 9","average_heartrate":173,"average_hr_zone":"4","max_heartrate":180,"max_hr_zone":"4"},{"is_imperial_unit":false,"race_distance":"5k","elapsed_time":1285,"distance":4.943899999999999,"distance_unit":"km","activity_id":690212023,"activity_name":"Hagley parkrun #60","start_date":"2015-11-28","workout_type_name":"race","elapsed_time_formatted":"00:21:25","pace_in_seconds":259.94281258123215,"pace":"4:20","pace_unit":"/km","elevation":43,"elevation_unit":"m","cadence":181,"suffer_score":"","gear_name":"ASICS DS Racer 9","average_heartrate":178,"average_hr_zone":"4","max_heartrate":190,"max_hr_zone":"5"},{"is_imperial_unit":false,"race_distance":"Half Marathon","elapsed_time":6203,"distance":21.1445,"distance_unit":"km","activity_id":690211873,"activity_name":"Queenstown Marathon 2015","start_date":"2015-11-21","workout_type_name":"race","elapsed_time_formatted":"01:43:23","pace_in_seconds":293.3411557641537,"pace":"4:54","pace_unit":"/km","elevation":206,"elevation_unit":"m","cadence":174,"suffer_score":"","gear_name":"ASICS DS Trainer 19 (Blue)","average_heartrate":167,"average_hr_zone":"3","max_heartrate":184,"max_hr_zone":"5"},{"is_imperial_unit":false,"race_distance":"10k","elapsed_time":2736,"distance":9.9047,"distance_unit":"km","activity_id":690210668,"activity_name":"RaceTeam Week #6 - 10km Time Trial","start_date":"2015-10-24","workout_type_name":"race","elapsed_time_formatted":"00:45:36","pace_in_seconds":276.24309392265195,"pace":"4:37","pace_unit":"/km","elevation":0,"elevation_unit":"m","cadence":176,"suffer_score":"","gear_name":"ASICS DS Trainer 19 (Blue)","average_heartrate":166,"average_hr_zone":"3","max_heartrate":173,"max_hr_zone":"4"},{"is_imperial_unit":false,"race_distance":"5k","elapsed_time":1298,"distance":5.0023,"distance_unit":"km","activity_id":690210467,"activity_name":"RaceTeam Week #6 - 5km Time Trial","start_date":"2015-10-20","workout_type_name":"race","elapsed_time_formatted":"00:21:38","pace_in_seconds":259.4706798131811,"pace":"4:20","pace_unit":"/km","elevation":12,"elevation_unit":"m","cadence":176,"suffer_score":"","gear_name":"ASICS DS Trainer 19 (Blue)","average_heartrate":178,"average_hr_zone":"4","max_heartrate":186,"max_hr_zone":"5"},{"is_imperial_unit":false,"race_distance":"5k","elapsed_time":1328,"distance":5.003,"distance_unit":"km","activity_id":690208523,"activity_name":"RaceTeam Week #1 - 5km Time Trial","start_date":"2015-09-17","workout_type_name":"race","elapsed_time_formatted":"00:22:08","pace_in_seconds":265.4632333421821,"pace":"4:26","pace_unit":"/km","elevation":0,"elevation_unit":"m","cadence":180,"suffer_score":"","gear_name":"ASICS DS Trainer 19 (Blue)","average_heartrate":174,"average_hr_zone":"4","max_heartrate":182,"max_hr_zone":"4"},{"is_imperial_unit":false,"race_distance":"10k","elapsed_time":2736,"distance":10.0453,"distance_unit":"km","activity_id":690208078,"activity_name":"North Shore Marathon 2015","start_date":"2015-09-06","workout_type_name":"race","elapsed_time_formatted":"00:45:36","pace_in_seconds":272.33115468409585,"pace":"4:33","pace_unit":"/km","elevation":63,"elevation_unit":"m","cadence":180,"suffer_score":"","gear_name":"ASICS DS Racer 9","average_heartrate":170,"average_hr_zone":"3","max_heartrate":179,"max_hr_zone":"4"},{"is_imperial_unit":false,"race_distance":"5k","elapsed_time":1275,"distance":4.931100000000001,"distance_unit":"km","activity_id":690207642,"activity_name":"Hagley parkrun #47","start_date":"2015-08-29","workout_type_name":"race","elapsed_time_formatted":"00:21:15","pace_in_seconds":258.5315408479835,"pace":"4:19","pace_unit":"/km","elevation":43,"elevation_unit":"m","cadence":181,"suffer_score":"","gear_name":"ASICS DS Trainer 19 (Blue)","average_heartrate":175,"average_hr_zone":"4","max_heartrate":182,"max_hr_zone":"4"},{"is_imperial_unit":false,"race_distance":"5k","elapsed_time":1266,"distance":4.9061,"distance_unit":"km","activity_id":690207362,"activity_name":"Hagley parkrun #46","start_date":"2015-08-22","workout_type_name":"race","elapsed_time_formatted":"00:21:06","pace_in_seconds":258.06451612903226,"pace":"4:19","pace_unit":"/km","elevation":43,"elevation_unit":"m","cadence":180,"suffer_score":"","gear_name":"ASICS DS Trainer 19 (Blue)","average_heartrate":168,"average_hr_zone":"3","max_heartrate":174,"max_hr_zone":"4"},{"is_imperial_unit":false,"race_distance":"5k","elapsed_time":1307,"distance":4.885,"distance_unit":"km","activity_id":690207042,"activity_name":"Hagley parkrun #45","start_date":"2015-08-15","workout_type_name":"race","elapsed_time_formatted":"00:21:47","pace_in_seconds":267.5227394328518,"pace":"4:28","pace_unit":"/km","elevation":44,"elevation_unit":"m","cadence":176,"suffer_score":"","gear_name":"ASICS DS Racer 9","average_heartrate":171,"average_hr_zone":"3","max_heartrate":180,"max_hr_zone":"4"},{"is_imperial_unit":false,"race_distance":"5k","elapsed_time":1326,"distance":5.0027,"distance_unit":"km","activity_id":690206108,"activity_name":"Sri Chinmoy 2015 - Sumner Esplanade 5km #3","start_date":"2015-07-26","workout_type_name":"race","elapsed_time_formatted":"00:22:06","pace_in_seconds":265.041081367612,"pace":"4:26","pace_unit":"/km","elevation":45,"elevation_unit":"m","cadence":175,"suffer_score":"","gear_name":"ASICS DS Racer 9","average_heartrate":172,"average_hr_zone":"4","max_heartrate":178,"max_hr_zone":"4"},{"is_imperial_unit":false,"race_distance":"5k","elapsed_time":1286,"distance":4.875,"distance_unit":"km","activity_id":690204092,"activity_name":"Hagley parkrun #37","start_date":"2015-06-20","workout_type_name":"race","elapsed_time_formatted":"00:21:26","pace_in_seconds":263.7826431020839,"pace":"4:24","pace_unit":"/km","elevation":47,"elevation_unit":"m","cadence":"","suffer_score":"","gear_name":"ASICS DS Racer 9","average_heartrate":169,"average_hr_zone":"3","max_heartrate":174,"max_hr_zone":"4"},{"is_imperial_unit":false,"race_distance":"5k","elapsed_time":1280,"distance":4.8915,"distance_unit":"km","activity_id":690202921,"activity_name":"Hagley parkrun #36","start_date":"2015-06-13","workout_type_name":"race","elapsed_time_formatted":"00:21:20","pace_in_seconds":261.7115938236064,"pace":"4:22","pace_unit":"/km","elevation":46,"elevation_unit":"m","cadence":"","suffer_score":"","gear_name":"ASICS DS Racer 9","average_heartrate":167,"average_hr_zone":"3","max_heartrate":172,"max_hr_zone":"4"},{"is_imperial_unit":false,"race_distance":"10k","elapsed_time":2598,"distance":9.83,"distance_unit":"km","activity_id":690201353,"activity_name":"Christchurch Marathon 2015","start_date":"2015-05-31","workout_type_name":"race","elapsed_time_formatted":"00:43:18","pace_in_seconds":264.27061310782244,"pace":"4:25","pace_unit":"/km","elevation":28,"elevation_unit":"m","cadence":"","suffer_score":"","gear_name":"ASICS DS Racer 9","average_heartrate":170,"average_hr_zone":"3","max_heartrate":181,"max_hr_zone":"4"},{"is_imperial_unit":false,"race_distance":"5k","elapsed_time":1334,"distance":4.918100000000001,"distance_unit":"km","activity_id":690200434,"activity_name":"Hagley parkrun #33","start_date":"2015-05-23","workout_type_name":"race","elapsed_time_formatted":"00:22:14","pace_in_seconds":271.22321670735016,"pace":"4:32","pace_unit":"/km","elevation":45,"elevation_unit":"m","cadence":"","suffer_score":"","gear_name":"ASICS DS Racer 9","average_heartrate":-1,"average_hr_zone":"na","max_heartrate":-1,"max_hr_zone":"na"},{"is_imperial_unit":false,"race_distance":"5k","elapsed_time":1385,"distance":4.9192,"distance_unit":"km","activity_id":690196667,"activity_name":"Shoe Clinic ASICS 5K Series 2015 #4","start_date":"2015-01-27","workout_type_name":"race","elapsed_time_formatted":"00:23:05","pace_in_seconds":281.5315315315315,"pace":"4:42","pace_unit":"/km","elevation":23,"elevation_unit":"m","cadence":"","suffer_score":"","gear_name":"ASICS DS Racer 9","average_heartrate":-1,"average_hr_zone":"na","max_heartrate":-1,"max_hr_zone":"na"},{"is_imperial_unit":false,"race_distance":"5k","elapsed_time":1350,"distance":4.929399999999999,"distance_unit":"km","activity_id":690196381,"activity_name":"Shoe Clinic ASICS 5K Series 2015 #3","start_date":"2015-01-20","workout_type_name":"race","elapsed_time_formatted":"00:22:30","pace_in_seconds":273.8975623116954,"pace":"4:34","pace_unit":"/km","elevation":23,"elevation_unit":"m","cadence":"","suffer_score":"","gear_name":"ASICS DS Racer 9","average_heartrate":-1,"average_hr_zone":"na","max_heartrate":-1,"max_hr_zone":"na"},{"is_imperial_unit":false,"race_distance":"Other Distances","elapsed_time":1363,"distance":4.838,"distance_unit":"km","activity_id":690196182,"activity_name":"Shoe Clinic ASICS 5K Series 2015 #2","start_date":"2015-01-13","workout_type_name":"race","elapsed_time_formatted":"00:22:43","pace_in_seconds":281.69014084507046,"pace":"4:42","pace_unit":"/km","elevation":24,"elevation_unit":"m","cadence":"","suffer_score":"","gear_name":"ASICS DS Racer 9","average_heartrate":-1,"average_hr_zone":"na","max_heartrate":-1,"max_hr_zone":"na"},{"is_imperial_unit":false,"race_distance":"5k","elapsed_time":1427,"distance":4.9552,"distance_unit":"km","activity_id":690196016,"activity_name":"Shoe Clinic ASICS 5K Series 2015 #1","start_date":"2015-01-06","workout_type_name":"race","elapsed_time_formatted":"00:23:47","pace_in_seconds":288.0184331797235,"pace":"4:49","pace_unit":"/km","elevation":23,"elevation_unit":"m","cadence":"","suffer_score":"","gear_name":"ASICS GT-2000 2","average_heartrate":-1,"average_hr_zone":"na","max_heartrate":-1,"max_hr_zone":"na"}]