[{"is_imperial_unit":false,"race_distance":"Other Distances","elapsed_time":1249,"distance":4.8465,"distance_unit":"km","activity_id":690215385,"activity_name":"Shoe Clinic ASICS 5K Series 2016 #3","start_date":"2016-01-26","workout_type_name":"race","elapsed_time_formatted":"00:20:49","pace_in_seconds":257.7319587628866,"pace":"4:18","pace_unit":"/km","elevation":20,"elevation_unit":"m","cadence":182,"suffer_score":"","gear_name":"ASICS Noosa Tri 10 (Orange)","average_heartrate":169,"average_hr_zone":"3","max_heartrate":174,"max_hr_zone":"4"},{"is_imperial_unit":false,"race_distance":"10k","elapsed_time":2709,"distance":9.9129,"distance_unit":"km","activity_id":690215227,"activity_name":"Sri Chinmoy 2016 - North Hagley 10km","start_date":"2016-01-24","workout_type_name":"race","elapsed_time_formatted":"00:45:09","pace_in_seconds":273.2987154960372,"pace":"4:34","pace_unit":"/km","elevation":68,"elevation_unit":"m","cadence":180,"suffer_score":"","gear_name":"ASICS DS Racer 9","average_heartrate":171,"average_hr_zone":"3","max_heartrate":176,"max_hr_zone":"4"},{"is_imperial_unit":false,"race_distance":"5k","elapsed_time":1259,"distance":4.9168,"distance_unit":"km","activity_id":690215044,"activity_name":"Shoe Clinic ASICS 5K Series 2016 #2","start_date":"2016-01-19","workout_type_name":"race","elapsed_time_formatted":"00:20:59","pace_in_seconds":256.0819462227913,"pace":"4:17","pace_unit":"/km","elevation":21,"elevation_unit":"m","cadence":181,"suffer_score":"","gear_name":"ASICS Noosa Tri 10 (Orange)","average_heartrate":170,"average_hr_zone":"3","max_heartrate":176,"max_hr_zone":"4"},{"is_imperial_unit":false,"race_distance":"5k","elapsed_time":1255,"distance":4.9459,"distance_unit":"km","activity_id":690214708,"activity_name":"Shoe Clinic ASICS 5K Series 2016 #1","start_date":"2016-01-12","workout_type_name":"race","elapsed_time_formatted":"00:20:55","pace_in_seconds":253.7427048972342,"pace":"4:14","pace_unit":"/km","elevation":21,"elevation_unit":"m","cadence":"","suffer_score":"","gear_name":"ASICS DS Racer 9","average_heartrate":173,"average_hr_zone":"4","max_heartrate":177,"max_hr_zone":"4"},{"is_imperial_unit":false,"race_distance":"5k","elapsed_time":1304,"distance":5.0099,"distance_unit":"km","activity_id":690214538,"activity_name":"Hagley parkrun #67","start_date":"2016-01-09","workout_type_name":"race","elapsed_time_formatted":"00:21:44","pace_in_seconds":260.28110359187923,"pace":"4:21","pace_unit":"/km","elevation":43,"elevation_unit":"m","cadence":180,"suffer_score":"","gear_name":"ASICS Noosa Tri 10 (Orange)","average_heartrate":175,"average_hr_zone":"4","max_heartrate":183,"max_hr_zone":"4"},{"is_imperial_unit":false,"race_distance":"5k","elapsed_time":1270,"distance":4.926,"distance_unit":"km","activity_id":690214219,"activity_name":"Hagley parkrun #66","start_date":"2016-01-02","workout_type_name":"race","elapsed_time_formatted":"00:21:10","pace_in_seconds":257.79840164990975,"pace":"4:18","pace_unit":"/km","elevation":42,"elevation_unit":"m","cadence":184,"suffer_score":"","gear_name":"ASICS DS Racer 9","average_heartrate":176,"average_hr_zone":"4","max_heartrate":183,"max_hr_zone":"4"}]