[{"is_imperial_unit":false,"race_distance":"Half Marathon","elapsed_time":6203,"distance":21.1445,"distance_unit":"km","activity_id":690211873,"activity_name":"Queenstown Marathon 2015","start_date":"2015-11-21","workout_type_name":"race","elapsed_time_formatted":"01:43:23","pace_in_seconds":293.3411557641537,"pace":"4:54","pace_unit":"/km","elevation":206,"elevation_unit":"m","cadence":174,"suffer_score":"","gear_name":"ASICS DS Trainer 19 (Blue)","average_heartrate":167,"average_hr_zone":"3","max_heartrate":184,"max_hr_zone":"5"}]