[{"is_imperial_unit":false,"race_distance":"Other Distances","elapsed_time":1249,"distance":4.8465,"distance_unit":"km","activity_id":690215385,"activity_name":"Shoe Clinic ASICS 5K Series 2016 #3","start_date":"2016-01-26","workout_type_name":"race","elapsed_time_formatted":"00:20:49","pace_in_seconds":257.7319587628866,"pace":"4:18","pace_unit":"/km","elevation":20,"elevation_unit":"m","cadence":182,"suffer_score":"","gear_name":"ASICS Noosa Tri 10 (Orange)","average_heartrate":169,"average_hr_zone":"3","max_heartrate":174,"max_hr_zone":"4"},{"is_imperial_unit":false,"race_distance":"Other Distances","elapsed_time":1363,"distance":4.838,"distance_unit":"km","activity_id":690196182,"activity_name":"Shoe Clinic ASICS 5K Series 2015 #2","start_date":"2015-01-13","workout_type_name":"race","elapsed_time_formatted":"00:22:43","pace_in_seconds":281.69014084507046,"pace":"4:42","pace_unit":"/km","elevation":24,"elevation_unit":"m","cadence":"","suffer_score":"","gear_name":"ASICS DS Racer 9","average_heartrate":-1,"average_hr_zone":"na","max_heartrate":-1,"max_hr_zone":"na"}]