{"Half Marathon":[{"is_imperial_unit":false,"race_distance":"Half Marathon","elapsed_time":6203,"distance":21.1445,"distance_unit":"km","activity_id":690211873,"activity_name":"Queenstown Marathon 2015","start_date":"2015-11-21","workout_type_name":"race","elapsed_time_formatted":"01:43:23","pace_in_seconds":293.3411557641537,"pace":"4:54","pace_unit":"/km","elevation":206,"elevation_unit":"m","cadence":174,"suffer_score":"","gear_name":"ASICS DS Trainer 19 (Blue)","average_heartrate":167,"average_hr_zone":"3","max_heartrate":184,"max_hr_zone":"5"}],"10k":[{"is_imperial_unit":false,"race_distance":"10k","elapsed_time":2709,"distance":9.9129,"distance_unit":"km","activity_id":690215227,"activity_name":"Sri Chinmoy 2016 - North Hagley 10km","start_date":"2016-01-24","workout_type_name":"race","elapsed_time_formatted":"00:45:09","pace_in_seconds":273.2987154960372,"pace":"4:34","pace_unit":"/km","elevation":68,"elevation_unit":"m","cadence":180,"suffer_score":"","gear_name":"ASICS DS Racer 9","average_heartrate":171,"average_hr_zone":"3","max_heartrate":176,"max_hr_zone":"4"},{"is_imperial_unit":false,"race_distance":"10k","elapsed_time":2699,"distance":10.0108,"distance_unit":"km","activity_id":690213152,"activity_name":"Sri Chinmoy 2015 - 10km Christmas Dash","start_date":"2015-12-13","workout_type_name":"race","elapsed_time_formatted":"00:44:59","pace_in_seconds":269.61445133459154,"pace":"4:30","pace_unit":"/km","elevation":44,"elevation_unit":"m","cadence":177,"suffer_score":"","gear_name":"ASICS DS Racer 9","average_heartrate":173,"average_hr_zone":"4","max_heartrate":180,"max_hr_zone":"4"},{"is_imperial_unit":false,"race_distance":"10k","elapsed_time":2736,"distance":9.9047,"distance_unit":"km","activity_id":690210668,"activity_name":"RaceTeam Week #6 - 10km Time Trial","start_date":"2015-10-24","workout_type_name":"race","elapsed_time_formatted":"00:45:36","pace_in_seconds":276.24309392265195,"pace":"4:37","pace_unit":"/km","elevation":0,"elevation_unit":"m","cadence":176,"suffer_score":"","gear_name":"ASICS DS Trainer 19 (Blue)","average_heartrate":166,"average_hr_zone":"3","max_heartrate":173,"max_hr_zone":"4"},{"is_imperial_unit":false,"race_distance":"10k","elapsed_time":2736,"distance":10.0453,"distance_unit":"km","activity_id":690208078,"activity_name":"North Shore Marathon 2015","start_date":"2015-09-06","workout_type_name":"race","elapsed_time_formatted":"00:45:36","pace_in_seconds":272.33115468409585,"pace":"4:33","pace_unit":"/km","elevation":63,"elevation_unit":"m","cadence":180,"suffer_score":"","gear_name":"ASICS DS Racer 9","average_heartrate":170,"average_hr_zone":"3","max_heartrate":179,"max_hr_zone":"4"},{"is_imperial_unit":false,"race_distance":"10k","elapsed_time":2598,"distance":9.83,"distance_unit":"km","activity_id":690201353,"activity_name":"Christchurch Marathon 2015","start_date":"2015-05-31","workout_type_name":"race","elapsed_time_formatted":"00:43:18","pace_in_seconds":264.27061310782244,"pace":"4:25","pace_unit":"/km","elevation":28,"elevation_unit":"m","cadence":"","suffer_score":"","gear_name":"ASICS DS Racer 9","average_heartrate":170,"average_hr_zone":"3","max_heartrate":181,"max_hr_zone":"4"}],"5k":[{"is_imperial_unit":false,"race_distance":"5k","elapsed_time":1259,"distance":4.9168,"distance_unit":"km","activity_id":690215044,"activity_name":"Shoe Clinic ASICS 5K Series 2016 #2","start_date":"2016-01-19","workout_type_name":"race","elapsed_time_formatted":"00:20:59","pace_in_seconds":256.0819462227913,"pace":"4:17","pace_unit":"/km","elevation":21,"elevation_unit":"m","cadence":181,"suffer_score":"","gear_name":"ASICS Noosa Tri 10 (Orange)","average_heartrate":170,"average_hr_zone":"3","max_heartrate":176,"max_hr_zone":"4"},{"is_imperial_unit":false,"race_distance":"5k","elapsed_time":1255,"distance":4.9459,"distance_unit":"km","activity_id":690214708,"activity_name":"Shoe Clinic ASICS 5K Series 2016 #1","start_date":"2016-01-12","workout_type_name":"race","elapsed_time_formatted":"00:20:55","pace_in_seconds":253.7427048972342,"pace":"4:14","pace_unit":"/km","elevation":21,"elevation_unit":"m","cadence":"","suffer_score":"","gear_name":"ASICS DS Racer 9","average_heartrate":173,"average_hr_zone":"4","max_heartrate":177,"max_hr_zone":"4"},{"is_imperial_unit":false,"race_distance":"5k","elapsed_time":1304,"distance":5.0099,"distance_unit":"km","activity_id":690214538,"activity_name":"Hagley parkrun #67","start_date":"2016-01-09","workout_type_name":"race","elapsed_time_formatted":"00:21:44","pace_in_seconds":260.28110359187923,"pace":"4:21","pace_unit":"/km","elevation":43,"elevation_unit":"m","cadence":180,"suffer_score":"","gear_name":"ASICS Noosa Tri 10 (Orange)","average_heartrate":175,"average_hr_zone":"4","max_heartrate":183,"max_hr_zone":"4"},{"is_imperial_unit":false,"race_distance":"5k","elapsed_time":1270,"distance":4.926,"distance_unit":"km","activity_id":690214219,"activity_name":"Hagley parkrun #66","start_date":"2016-01-02","workout_type_name":"race","elapsed_time_formatted":"00:21:10","pace_in_seconds":257.79840164990975,"pace":"4:18","pace_unit":"/km","elevation":42,"elevation_unit":"m","cadence":184,"suffer_score":"","gear_name":"ASICS DS Racer 9","average_heartrate":176,"average_hr_zone":"4","max_heartrate":183,"max_hr_zone":"4"},{"is_imperial_unit":false,"race_distance":"5k","elapsed_time":1269,"distance":4.8878,"distance_unit":"km","activity_id":690213876,"activity_name":"Hagley parkrun #64 - Christmas Special 2015","start_date":"2015-12-25","workout_type_name":"race","elapsed_time_formatted":"00:21:09","pace_in_seconds":259.60539979231567,"pace":"4:20","pace_unit":"/km","elevation":42,"elevation_unit":"m","cadence":180,"suffer_score":"","gear_name":"ASICS Noosa Tri 10 (Orange)","average_heartrate":169,"average_hr_zone":"3","max_heartrate":179,"max_hr_zone":"4"}]}